mode: set
github.com/yourusername/keyline/internal/config/loader.go:12.47,16.22 2 1
github.com/yourusername/keyline/internal/config/loader.go:16.22,18.3 1 1
github.com/yourusername/keyline/internal/config/loader.go:19.2,19.22 1 1
github.com/yourusername/keyline/internal/config/loader.go:19.22,21.3 1 0
github.com/yourusername/keyline/internal/config/loader.go:23.2,27.41 3 1
github.com/yourusername/keyline/internal/config/loader.go:27.41,29.3 1 1
github.com/yourusername/keyline/internal/config/loader.go:32.2,33.42 2 1
github.com/yourusername/keyline/internal/config/loader.go:33.42,35.3 1 0
github.com/yourusername/keyline/internal/config/loader.go:38.2,38.48 1 1
github.com/yourusername/keyline/internal/config/loader.go:38.48,40.3 1 1
github.com/yourusername/keyline/internal/config/loader.go:42.2,42.18 1 1
github.com/yourusername/keyline/internal/config/loader.go:46.43,48.62 1 1
github.com/yourusername/keyline/internal/config/loader.go:48.62,50.3 1 1
github.com/yourusername/keyline/internal/config/loader.go:51.2,51.61 1 1
github.com/yourusername/keyline/internal/config/loader.go:51.61,53.3 1 0
github.com/yourusername/keyline/internal/config/loader.go:54.2,54.65 1 1
github.com/yourusername/keyline/internal/config/loader.go:54.65,56.3 1 0
github.com/yourusername/keyline/internal/config/loader.go:57.2,57.64 1 1
github.com/yourusername/keyline/internal/config/loader.go:57.64,59.3 1 0
github.com/yourusername/keyline/internal/config/loader.go:62.2,62.38 1 1
github.com/yourusername/keyline/internal/config/loader.go:62.38,63.83 1 1
github.com/yourusername/keyline/internal/config/loader.go:63.83,65.4 1 0
github.com/yourusername/keyline/internal/config/loader.go:69.2,69.69 1 1
github.com/yourusername/keyline/internal/config/loader.go:69.69,71.3 1 0
github.com/yourusername/keyline/internal/config/loader.go:74.2,74.62 1 1
github.com/yourusername/keyline/internal/config/loader.go:74.62,76.3 1 0
github.com/yourusername/keyline/internal/config/loader.go:77.2,77.67 1 1
github.com/yourusername/keyline/internal/config/loader.go:77.67,79.3 1 0
github.com/yourusername/keyline/internal/config/loader.go:80.2,80.67 1 1
github.com/yourusername/keyline/internal/config/loader.go:80.67,82.3 1 0
github.com/yourusername/keyline/internal/config/loader.go:85.2,85.71 1 1
github.com/yourusername/keyline/internal/config/loader.go:85.71,87.3 1 0
github.com/yourusername/keyline/internal/config/loader.go:88.2,88.75 1 1
github.com/yourusername/keyline/internal/config/loader.go:88.75,90.3 1 0
github.com/yourusername/keyline/internal/config/loader.go:93.2,93.60 1 1
github.com/yourusername/keyline/internal/config/loader.go:93.60,95.3 1 0
github.com/yourusername/keyline/internal/config/loader.go:98.2,98.74 1 1
github.com/yourusername/keyline/internal/config/loader.go:98.74,100.3 1 0
github.com/yourusername/keyline/internal/config/loader.go:102.2,102.12 1 1
github.com/yourusername/keyline/internal/config/loader.go:106.40,107.26 1 1
github.com/yourusername/keyline/internal/config/loader.go:107.26,109.3 1 1
github.com/yourusername/keyline/internal/config/loader.go:112.2,113.6 2 1
github.com/yourusername/keyline/internal/config/loader.go:113.6,115.18 2 1
github.com/yourusername/keyline/internal/config/loader.go:115.18,116.9 1 1
github.com/yourusername/keyline/internal/config/loader.go:119.3,120.16 2 1
github.com/yourusername/keyline/internal/config/loader.go:120.16,122.4 1 1
github.com/yourusername/keyline/internal/config/loader.go:123.3,127.21 4 1
github.com/yourusername/keyline/internal/config/loader.go:127.21,129.4 1 1
github.com/yourusername/keyline/internal/config/loader.go:131.3,131.54 1 1
github.com/yourusername/keyline/internal/config/loader.go:134.2,135.12 2 1
github.com/yourusername/keyline/internal/config/validator.go:14.34,18.71 2 1
github.com/yourusername/keyline/internal/config/validator.go:18.71,20.3 1 1
github.com/yourusername/keyline/internal/config/validator.go:23.2,23.22 1 1
github.com/yourusername/keyline/internal/config/validator.go:23.22,24.31 1 1
github.com/yourusername/keyline/internal/config/validator.go:24.31,26.4 1 1
github.com/yourusername/keyline/internal/config/validator.go:27.3,27.30 1 1
github.com/yourusername/keyline/internal/config/validator.go:27.30,29.4 1 1
github.com/yourusername/keyline/internal/config/validator.go:30.3,30.34 1 1
github.com/yourusername/keyline/internal/config/validator.go:30.34,32.4 1 1
github.com/yourusername/keyline/internal/config/validator.go:33.3,33.33 1 1
github.com/yourusername/keyline/internal/config/validator.go:33.33,35.4 1 1
github.com/yourusername/keyline/internal/config/validator.go:35.9,37.61 1 1
github.com/yourusername/keyline/internal/config/validator.go:37.61,39.5 1 0
github.com/yourusername/keyline/internal/config/validator.go:39.10,39.56 1 1
github.com/yourusername/keyline/internal/config/validator.go:39.56,41.5 1 1
github.com/yourusername/keyline/internal/config/validator.go:41.10,41.95 1 1
github.com/yourusername/keyline/internal/config/validator.go:41.95,43.5 1 1
github.com/yourusername/keyline/internal/config/validator.go:48.2,48.28 1 1
github.com/yourusername/keyline/internal/config/validator.go:48.28,49.37 1 1
github.com/yourusername/keyline/internal/config/validator.go:49.37,51.4 1 1
github.com/yourusername/keyline/internal/config/validator.go:52.3,52.45 1 1
github.com/yourusername/keyline/internal/config/validator.go:52.45,53.27 1 1
github.com/yourusername/keyline/internal/config/validator.go:53.27,55.5 1 1
github.com/yourusername/keyline/internal/config/validator.go:56.4,56.33 1 1
github.com/yourusername/keyline/internal/config/validator.go:56.33,58.5 1 0
github.com/yourusername/keyline/internal/config/validator.go:58.10,60.71 1 1
github.com/yourusername/keyline/internal/config/validator.go:60.71,62.6 1 1
github.com/yourusername/keyline/internal/config/validator.go:68.2,68.37 1 1
github.com/yourusername/keyline/internal/config/validator.go:68.37,70.3 1 1
github.com/yourusername/keyline/internal/config/validator.go:70.8,70.52 1 1
github.com/yourusername/keyline/internal/config/validator.go:70.52,73.17 2 1
github.com/yourusername/keyline/internal/config/validator.go:73.17,75.43 1 1
github.com/yourusername/keyline/internal/config/validator.go:75.43,77.5 1 1
github.com/yourusername/keyline/internal/config/validator.go:78.9,78.31 1 0
github.com/yourusername/keyline/internal/config/validator.go:78.31,80.4 1 0
github.com/yourusername/keyline/internal/config/validator.go:84.2,84.29 1 1
github.com/yourusername/keyline/internal/config/validator.go:84.29,86.3 1 1
github.com/yourusername/keyline/internal/config/validator.go:86.8,86.74 1 1
github.com/yourusername/keyline/internal/config/validator.go:86.74,88.3 1 1
github.com/yourusername/keyline/internal/config/validator.go:91.2,91.34 1 1
github.com/yourusername/keyline/internal/config/validator.go:91.34,92.31 1 1
github.com/yourusername/keyline/internal/config/validator.go:92.31,94.4 1 1
github.com/yourusername/keyline/internal/config/validator.go:99.2,99.39 1 1
github.com/yourusername/keyline/internal/config/validator.go:99.39,101.3 1 1
github.com/yourusername/keyline/internal/config/validator.go:102.2,102.43 1 1
github.com/yourusername/keyline/internal/config/validator.go:102.43,104.3 1 1
github.com/yourusername/keyline/internal/config/validator.go:105.2,105.33 1 1
github.com/yourusername/keyline/internal/config/validator.go:105.33,107.3 1 1
github.com/yourusername/keyline/internal/config/validator.go:110.2,110.35 1 1
github.com/yourusername/keyline/internal/config/validator.go:110.35,112.3 1 1
github.com/yourusername/keyline/internal/config/validator.go:112.8,112.50 1 1
github.com/yourusername/keyline/internal/config/validator.go:112.50,115.41 1 1
github.com/yourusername/keyline/internal/config/validator.go:115.42,117.4 0 0
github.com/yourusername/keyline/internal/config/validator.go:117.9,120.18 2 1
github.com/yourusername/keyline/internal/config/validator.go:120.18,122.5 1 1
github.com/yourusername/keyline/internal/config/validator.go:122.10,122.33 1 1
github.com/yourusername/keyline/internal/config/validator.go:122.33,124.5 1 1
github.com/yourusername/keyline/internal/config/validator.go:129.2,129.64 1 1
github.com/yourusername/keyline/internal/config/validator.go:129.64,131.3 1 1
github.com/yourusername/keyline/internal/config/validator.go:133.2,133.43 1 1
github.com/yourusername/keyline/internal/config/validator.go:133.43,134.26 1 1
github.com/yourusername/keyline/internal/config/validator.go:134.26,136.4 1 0
github.com/yourusername/keyline/internal/config/validator.go:137.3,137.28 1 1
github.com/yourusername/keyline/internal/config/validator.go:137.28,139.4 1 0
github.com/yourusername/keyline/internal/config/validator.go:140.3,140.32 1 1
github.com/yourusername/keyline/internal/config/validator.go:140.32,142.4 1 0
github.com/yourusername/keyline/internal/config/validator.go:144.3,144.40 1 1
github.com/yourusername/keyline/internal/config/validator.go:144.40,145.18 1 1
github.com/yourusername/keyline/internal/config/validator.go:145.18,147.5 1 0
github.com/yourusername/keyline/internal/config/validator.go:152.2,152.85 1 1
github.com/yourusername/keyline/internal/config/validator.go:152.85,154.3 1 0
github.com/yourusername/keyline/internal/config/validator.go:157.2,157.37 1 1
github.com/yourusername/keyline/internal/config/validator.go:157.37,158.29 1 1
github.com/yourusername/keyline/internal/config/validator.go:158.29,160.4 1 1
github.com/yourusername/keyline/internal/config/validator.go:164.2,164.56 1 1
github.com/yourusername/keyline/internal/config/validator.go:164.56,165.20 1 0
github.com/yourusername/keyline/internal/config/validator.go:165.20,167.4 1 0
github.com/yourusername/keyline/internal/config/validator.go:171.2,171.41 1 1
github.com/yourusername/keyline/internal/config/validator.go:171.41,173.3 1 0
github.com/yourusername/keyline/internal/config/validator.go:177.2,189.40 2 1
github.com/yourusername/keyline/internal/config/validator.go:189.40,190.72 1 1
github.com/yourusername/keyline/internal/config/validator.go:190.72,192.4 1 1
github.com/yourusername/keyline/internal/config/validator.go:196.2,199.21 2 1
github.com/yourusername/keyline/internal/config/validator.go:199.21,201.3 1 1
github.com/yourusername/keyline/internal/config/validator.go:203.2,203.12 1 1
github.com/yourusername/keyline/internal/config/validator.go:208.55,209.17 1 1
github.com/yourusername/keyline/internal/config/validator.go:209.17,211.3 1 1
github.com/yourusername/keyline/internal/config/validator.go:212.2,212.25 1 1
github.com/yourusername/keyline/internal/config/validator.go:212.25,214.3 1 1
github.com/yourusername/keyline/internal/config/validator.go:215.2,215.11 1 1
github.com/yourusername/keyline/internal/config/validator.go:219.37,221.2 1 1
github.com/yourusername/keyline/internal/config/validator.go:224.58,225.23 1 1
github.com/yourusername/keyline/internal/config/validator.go:225.23,227.3 1 1
github.com/yourusername/keyline/internal/config/validator.go:229.2,229.24 1 1
github.com/yourusername/keyline/internal/config/validator.go:229.24,231.3 1 1
github.com/yourusername/keyline/internal/config/validator.go:231.8,232.98 1 1
github.com/yourusername/keyline/internal/config/validator.go:232.98,234.4 1 1
github.com/yourusername/keyline/internal/config/validator.go:237.2,237.27 1 1
github.com/yourusername/keyline/internal/config/validator.go:237.27,239.3 1 1
github.com/yourusername/keyline/internal/config/validator.go:241.2,241.33 1 1
github.com/yourusername/keyline/internal/config/validator.go:241.33,243.3 1 1
github.com/yourusername/keyline/internal/config/validator.go:245.2,245.31 1 1
github.com/yourusername/keyline/internal/config/validator.go:245.31,247.3 1 1
github.com/yourusername/keyline/internal/config/validator.go:249.2,249.33 1 1
github.com/yourusername/keyline/internal/config/validator.go:249.33,251.3 1 1
github.com/yourusername/keyline/internal/config/validator.go:251.8,251.67 1 1
github.com/yourusername/keyline/internal/config/validator.go:251.67,253.3 1 1
github.com/yourusername/keyline/internal/config/validator.go:255.2,256.38 2 1
github.com/yourusername/keyline/internal/config/validator.go:256.38,258.3 1 1
github.com/yourusername/keyline/internal/config/validator.go:261.2,261.38 1 1
github.com/yourusername/keyline/internal/config/validator.go:261.38,262.44 1 0
github.com/yourusername/keyline/internal/config/validator.go:262.44,263.13 1 0
github.com/yourusername/keyline/internal/config/validator.go:264.57,264.57 0 0
github.com/yourusername/keyline/internal/config/validator.go:266.12,267.95 1 0
github.com/yourusername/keyline/internal/config/validator.go:274.2,274.33 1 1
github.com/yourusername/keyline/internal/config/validator.go:274.33,276.3 1 1
github.com/yourusername/keyline/internal/config/validator.go:276.8,276.111 1 1
github.com/yourusername/keyline/internal/config/validator.go:276.111,278.3 1 0
github.com/yourusername/keyline/internal/config/validator.go:281.2,281.28 1 1
github.com/yourusername/keyline/internal/config/validator.go:281.28,284.3 1 0
github.com/yourusername/keyline/internal/config/validator.go:286.2,286.15 1 1
github.com/yourusername/keyline/cmd/keyline/main.go:25.13,30.34 3 0
github.com/yourusername/keyline/cmd/keyline/main.go:30.34,31.14 1 0
github.com/yourusername/keyline/cmd/keyline/main.go:32.28,33.23 1 0
github.com/yourusername/keyline/cmd/keyline/main.go:34.19,35.30 1 0
github.com/yourusername/keyline/cmd/keyline/main.go:35.30,37.5 1 0
github.com/yourusername/keyline/cmd/keyline/main.go:38.20,40.14 2 0
github.com/yourusername/keyline/cmd/keyline/main.go:41.23,43.14 2 0
github.com/yourusername/keyline/cmd/keyline/main.go:48.2,49.16 2 0
github.com/yourusername/keyline/cmd/keyline/main.go:49.16,51.3 1 0
github.com/yourusername/keyline/cmd/keyline/main.go:54.2,54.45 1 0
github.com/yourusername/keyline/cmd/keyline/main.go:54.45,56.3 1 0
github.com/yourusername/keyline/cmd/keyline/main.go:59.2,59.18 1 0
github.com/yourusername/keyline/cmd/keyline/main.go:59.18,62.3 2 0
github.com/yourusername/keyline/cmd/keyline/main.go:65.2,72.43 3 0
github.com/yourusername/keyline/cmd/keyline/main.go:72.43,74.3 1 0
github.com/yourusername/keyline/cmd/keyline/main.go:74.8,76.3 1 0
github.com/yourusername/keyline/cmd/keyline/main.go:78.2,79.16 2 0
github.com/yourusername/keyline/cmd/keyline/main.go:79.16,81.3 1 0
github.com/yourusername/keyline/cmd/keyline/main.go:84.2,94.28 4 0
github.com/yourusername/keyline/cmd/keyline/main.go:94.28,96.3 1 0
github.com/yourusername/keyline/cmd/keyline/main.go:97.2,108.35 3 0
github.com/yourusername/keyline/cmd/keyline/main.go:108.35,119.17 7 0
github.com/yourusername/keyline/cmd/keyline/main.go:119.17,123.4 1 0
github.com/yourusername/keyline/cmd/keyline/main.go:123.9,130.17 2 0
github.com/yourusername/keyline/cmd/keyline/main.go:130.17,133.63 3 0
github.com/yourusername/keyline/cmd/keyline/main.go:133.63,135.6 1 0
github.com/yourusername/keyline/cmd/keyline/main.go:141.2,142.16 2 0
github.com/yourusername/keyline/cmd/keyline/main.go:142.16,145.3 2 0
github.com/yourusername/keyline/cmd/keyline/main.go:148.2,159.16 4 0
github.com/yourusername/keyline/cmd/keyline/main.go:159.16,162.3 2 0
github.com/yourusername/keyline/cmd/keyline/main.go:165.2,165.57 1 0
github.com/yourusername/keyline/cmd/keyline/main.go:165.57,176.3 6 0
github.com/yourusername/keyline/cmd/keyline/main.go:177.2,184.25 3 0
github.com/yourusername/keyline/cmd/keyline/main.go:184.25,186.3 1 0
github.com/yourusername/keyline/cmd/keyline/main.go:190.2,191.25 2 0
github.com/yourusername/keyline/cmd/keyline/main.go:191.25,195.3 3 0
github.com/yourusername/keyline/cmd/keyline/main.go:198.2,199.25 2 0
github.com/yourusername/keyline/cmd/keyline/main.go:199.25,206.3 3 0
github.com/yourusername/keyline/cmd/keyline/main.go:209.2,214.16 2 0
github.com/yourusername/keyline/cmd/keyline/main.go:214.16,217.3 2 0
github.com/yourusername/keyline/cmd/keyline/main.go:219.2,220.24 2 0
github.com/yourusername/keyline/cmd/keyline/main.go:220.24,222.3 1 0
github.com/yourusername/keyline/cmd/keyline/main.go:223.2,238.22 4 0
github.com/yourusername/keyline/cmd/keyline/main.go:238.22,240.17 2 0
github.com/yourusername/keyline/cmd/keyline/main.go:240.17,243.4 2 0
github.com/yourusername/keyline/cmd/keyline/main.go:244.3,247.4 1 0
github.com/yourusername/keyline/cmd/keyline/main.go:251.2,252.16 2 0
github.com/yourusername/keyline/cmd/keyline/main.go:252.16,255.3 2 0
github.com/yourusername/keyline/cmd/keyline/main.go:258.2,259.12 2 0
github.com/yourusername/keyline/cmd/keyline/main.go:259.12,260.37 1 0
github.com/yourusername/keyline/cmd/keyline/main.go:260.37,262.4 1 0
github.com/yourusername/keyline/cmd/keyline/main.go:266.2,269.9 3 0
github.com/yourusername/keyline/cmd/keyline/main.go:270.24,272.13 2 0
github.com/yourusername/keyline/cmd/keyline/main.go:273.24,274.96 1 0
github.com/yourusername/keyline/cmd/keyline/main.go:278.2,281.50 3 0
github.com/yourusername/keyline/cmd/keyline/main.go:281.50,284.3 2 0
github.com/yourusername/keyline/cmd/keyline/main.go:286.2,286.31 1 0
github.com/yourusername/keyline/cmd/keyline/main.go:289.45,290.15 1 0
github.com/yourusername/keyline/cmd/keyline/main.go:291.15,292.25 1 0
github.com/yourusername/keyline/cmd/keyline/main.go:293.14,294.24 1 0
github.com/yourusername/keyline/cmd/keyline/main.go:295.14,296.24 1 0
github.com/yourusername/keyline/cmd/keyline/main.go:297.15,298.25 1 0
github.com/yourusername/keyline/cmd/keyline/main.go:299.10,300.24 1 0
github.com/yourusername/keyline/cmd/keyline/main.go:304.18,319.2 14 0
github.com/yourusername/keyline/internal/state/state.go:20.93,26.16 5 0
github.com/yourusername/keyline/internal/state/state.go:26.16,28.3 1 0
github.com/yourusername/keyline/internal/state/state.go:30.2,32.45 2 0
github.com/yourusername/keyline/internal/state/state.go:32.45,38.3 2 0
github.com/yourusername/keyline/internal/state/state.go:40.2,46.12 2 0
github.com/yourusername/keyline/internal/state/state.go:50.103,58.16 6 0
github.com/yourusername/keyline/internal/state/state.go:58.16,64.3 2 0
github.com/yourusername/keyline/internal/state/state.go:66.2,66.12 1 0
github.com/yourusername/keyline/internal/state/state.go:66.12,71.3 2 0
github.com/yourusername/keyline/internal/state/state.go:73.2,74.53 2 0
github.com/yourusername/keyline/internal/state/state.go:74.53,76.3 1 0
github.com/yourusername/keyline/internal/state/state.go:79.2,79.23 1 0
github.com/yourusername/keyline/internal/state/state.go:79.23,85.3 3 0
github.com/yourusername/keyline/internal/state/state.go:88.2,88.16 1 0
github.com/yourusername/keyline/internal/state/state.go:88.16,93.3 2 0
github.com/yourusername/keyline/internal/state/state.go:96.2,104.20 3 0
github.com/yourusername/keyline/internal/state/state.go:108.96,118.9 5 0
github.com/yourusername/keyline/internal/state/state.go:118.9,119.50 1 0
github.com/yourusername/keyline/internal/state/state.go:119.50,125.4 2 0
github.com/yourusername/keyline/internal/state/state.go:126.8,128.50 1 0
github.com/yourusername/keyline/internal/state/state.go:128.50,134.4 2 0
github.com/yourusername/keyline/internal/state/state.go:137.2,141.12 2 0
github.com/yourusername/keyline/internal/state/store.go:30.34,32.2 1 0
github.com/yourusername/keyline/internal/cache/cache.go:15.94,21.55 2 0
github.com/yourusername/keyline/internal/cache/cache.go:21.55,23.3 1 0
github.com/yourusername/keyline/internal/cache/cache.go:25.2,31.28 2 0
github.com/yourusername/keyline/internal/cache/cache.go:31.28,32.25 1 0
github.com/yourusername/keyline/internal/cache/cache.go:32.25,34.4 1 0
github.com/yourusername/keyline/internal/cache/cache.go:39.3,40.57 2 0
github.com/yourusername/keyline/internal/cache/cache.go:40.57,43.4 1 0
github.com/yourusername/keyline/internal/cache/cache.go:45.3,51.4 3 0
github.com/yourusername/keyline/internal/cache/cache.go:52.8,54.3 1 0
github.com/yourusername/keyline/internal/cache/cache.go:57.2,58.16 2 0
github.com/yourusername/keyline/internal/cache/cache.go:58.16,60.3 1 0
github.com/yourusername/keyline/internal/cache/cache.go:64.2,68.54 3 0
github.com/yourusername/keyline/internal/cache/cache.go:68.54,70.3 1 0
github.com/yourusername/keyline/internal/cache/cache.go:73.2,73.49 1 0
github.com/yourusername/keyline/internal/cache/cache.go:73.49,75.3 1 0
github.com/yourusername/keyline/internal/cache/cache.go:78.2,84.19 3 0
github.com/yourusername/keyline/internal/cache/cache.go:88.36,90.32 1 0
github.com/yourusername/keyline/internal/cache/cache.go:90.32,91.20 1 0
github.com/yourusername/keyline/internal/cache/cache.go:91.20,93.4 1 0
github.com/yourusername/keyline/internal/cache/cache.go:95.3,95.29 1 0
github.com/yourusername/keyline/internal/cache/cache.go:95.29,97.4 1 0
github.com/yourusername/keyline/internal/cache/cache.go:99.2,99.14 1 0
github.com/yourusername/keyline/internal/cache/cache.go:103.57,105.43 1 0
github.com/yourusername/keyline/internal/cache/cache.go:105.43,107.3 1 0
github.com/yourusername/keyline/internal/cache/cache.go:108.2,108.12 1 0
github.com/yourusername/keyline/internal/cache/cache.go:112.38,115.32 2 0
github.com/yourusername/keyline/internal/cache/cache.go:115.32,116.20 1 0
github.com/yourusername/keyline/internal/cache/cache.go:116.20,118.9 2 0
github.com/yourusername/keyline/internal/cache/cache.go:122.2,122.17 1 0
github.com/yourusername/keyline/internal/cache/cache.go:122.17,124.3 1 0
github.com/yourusername/keyline/internal/cache/cache.go:127.2,128.29 2 0
github.com/yourusername/keyline/internal/cache/cache.go:128.29,129.44 1 0
github.com/yourusername/keyline/internal/cache/cache.go:129.44,131.9 2 0
github.com/yourusername/keyline/internal/cache/cache.go:135.2,135.19 1 0
github.com/yourusername/keyline/internal/cache/cache.go:135.19,137.3 1 0
github.com/yourusername/keyline/internal/cache/cache.go:140.2,140.46 1 0
github.com/yourusername/keyline/internal/cache/extended.go:36.71,37.23 1 0
github.com/yourusername/keyline/internal/cache/extended.go:38.15,39.27 1 0
github.com/yourusername/keyline/internal/cache/extended.go:39.27,41.4 1 0
github.com/yourusername/keyline/internal/cache/extended.go:43.3,43.45 1 0
github.com/yourusername/keyline/internal/cache/extended.go:44.16,50.45 4 0
github.com/yourusername/keyline/internal/cache/extended.go:51.10,53.45 1 0
github.com/yourusername/keyline/internal/cache/extended.go:58.63,60.31 1 0
github.com/yourusername/keyline/internal/cache/extended.go:60.31,62.48 2 0
github.com/yourusername/keyline/internal/cache/extended.go:62.48,65.4 2 0
github.com/yourusername/keyline/internal/cache/extended.go:66.3,66.17 1 0
github.com/yourusername/keyline/internal/cache/extended.go:69.2,69.34 1 0
github.com/yourusername/keyline/internal/cache/extended.go:73.53,75.2 1 0
github.com/yourusername/keyline/internal/cache/extended.go:78.46,79.31 1 0
github.com/yourusername/keyline/internal/cache/extended.go:79.31,81.3 1 0
github.com/yourusername/keyline/internal/cache/extended.go:83.2,87.44 4 0
github.com/yourusername/keyline/internal/cache/extended.go:87.44,89.37 1 0
github.com/yourusername/keyline/internal/cache/extended.go:89.37,91.4 1 0
github.com/yourusername/keyline/internal/cache/extended.go:96.59,97.31 1 0
github.com/yourusername/keyline/internal/cache/extended.go:97.31,99.3 1 0
github.com/yourusername/keyline/internal/cache/extended.go:101.2,102.12 2 0
github.com/yourusername/keyline/internal/cache/extended.go:102.12,103.7 1 0
github.com/yourusername/keyline/internal/cache/extended.go:103.7,104.11 1 0
github.com/yourusername/keyline/internal/cache/extended.go:105.22,107.11 2 0
github.com/yourusername/keyline/internal/cache/extended.go:108.20,109.27 1 0
github.com/yourusername/keyline/internal/cache/extended.go:123.44,128.43 2 0
github.com/yourusername/keyline/internal/cache/extended.go:128.43,130.3 1 0
github.com/yourusername/keyline/internal/cache/extended.go:133.2,134.32 2 0
github.com/yourusername/keyline/internal/cache/extended.go:134.32,135.20 1 0
github.com/yourusername/keyline/internal/cache/extended.go:135.20,137.9 2 0
github.com/yourusername/keyline/internal/cache/extended.go:141.2,141.19 1 0
github.com/yourusername/keyline/internal/cache/extended.go:141.19,144.46 2 0
github.com/yourusername/keyline/internal/cache/extended.go:144.46,146.4 1 0
github.com/yourusername/keyline/internal/cache/extended.go:147.3,148.24 2 0
github.com/yourusername/keyline/internal/cache/extended.go:152.2,153.32 2 0
github.com/yourusername/keyline/internal/cache/extended.go:153.32,154.20 1 0
github.com/yourusername/keyline/internal/cache/extended.go:154.20,156.9 2 0
github.com/yourusername/keyline/internal/cache/extended.go:160.2,160.22 1 0
github.com/yourusername/keyline/internal/cache/extended.go:160.22,164.3 2 0
github.com/yourusername/keyline/internal/cache/extended.go:166.2,167.12 2 0
github.com/yourusername/keyline/internal/cache/extended.go:171.102,177.55 2 0
github.com/yourusername/keyline/internal/cache/extended.go:177.55,179.3 1 0
github.com/yourusername/keyline/internal/cache/extended.go:181.2,189.28 3 0
github.com/yourusername/keyline/internal/cache/extended.go:189.28,190.25 1 0
github.com/yourusername/keyline/internal/cache/extended.go:190.25,192.4 1 0
github.com/yourusername/keyline/internal/cache/extended.go:195.3,196.57 2 0
github.com/yourusername/keyline/internal/cache/extended.go:196.57,198.4 1 0
github.com/yourusername/keyline/internal/cache/extended.go:200.3,212.53 5 0
github.com/yourusername/keyline/internal/cache/extended.go:212.53,214.4 1 0
github.com/yourusername/keyline/internal/cache/extended.go:216.3,219.4 1 0
github.com/yourusername/keyline/internal/cache/extended.go:220.8,222.3 1 0
github.com/yourusername/keyline/internal/cache/extended.go:225.2,226.16 2 0
github.com/yourusername/keyline/internal/cache/extended.go:226.16,228.3 1 0
github.com/yourusername/keyline/internal/cache/extended.go:231.2,234.65 3 0
github.com/yourusername/keyline/internal/cache/extended.go:234.65,236.3 1 0
github.com/yourusername/keyline/internal/cache/extended.go:238.2,238.60 1 0
github.com/yourusername/keyline/internal/cache/extended.go:238.60,240.3 1 0
github.com/yourusername/keyline/internal/cache/extended.go:243.2,254.29 3 0
github.com/yourusername/keyline/internal/cache/extended.go:254.29,256.3 1 0
github.com/yourusername/keyline/internal/cache/extended.go:258.2,262.22 2 0
github.com/yourusername/keyline/internal/cache/oidc.go:31.32,33.2 1 0
github.com/yourusername/keyline/internal/cache/oidc.go:36.61,40.2 3 0
github.com/yourusername/keyline/internal/cache/oidc.go:43.58,47.2 3 0
github.com/yourusername/keyline/internal/cache/oidc.go:50.85,55.2 4 0
github.com/yourusername/keyline/internal/cache/oidc.go:58.59,62.19 3 0
github.com/yourusername/keyline/internal/cache/oidc.go:62.19,64.3 1 0
github.com/yourusername/keyline/internal/cache/oidc.go:67.2,67.36 1 0
github.com/yourusername/keyline/internal/cache/oidc.go:67.36,69.3 1 0
github.com/yourusername/keyline/internal/cache/oidc.go:71.2,71.21 1 0
github.com/yourusername/keyline/internal/cache/oidc.go:75.42,79.2 3 0
github.com/yourusername/keyline/internal/cache/oidc.go:83.86,85.16 2 0
github.com/yourusername/keyline/internal/cache/oidc.go:85.16,87.3 1 0
github.com/yourusername/keyline/internal/cache/oidc.go:89.2,90.12 2 0
github.com/yourusername/keyline/internal/cache/oidc.go:94.58,96.52 2 0
github.com/yourusername/keyline/internal/cache/oidc.go:96.52,98.3 1 0
github.com/yourusername/keyline/internal/cache/oidc.go:99.2,99.19 1 0
github.com/yourusername/keyline/pkg/crypto/random.go:11.49,14.16 3 0
github.com/yourusername/keyline/pkg/crypto/random.go:14.16,16.3 1 0
github.com/yourusername/keyline/pkg/crypto/random.go:17.2,17.15 1 0
github.com/yourusername/keyline/pkg/crypto/random.go:21.43,23.16 2 0
github.com/yourusername/keyline/pkg/crypto/random.go:23.16,25.3 1 0
github.com/yourusername/keyline/pkg/crypto/random.go:26.2,26.50 1 0
github.com/yourusername/keyline/pkg/crypto/random.go:30.42,32.16 2 0
github.com/yourusername/keyline/pkg/crypto/random.go:32.16,34.3 1 0
github.com/yourusername/keyline/pkg/crypto/random.go:35.2,35.50 1 0
github.com/yourusername/keyline/pkg/crypto/random.go:45.40,49.16 2 0
github.com/yourusername/keyline/pkg/crypto/random.go:49.16,51.3 1 0
github.com/yourusername/keyline/pkg/crypto/random.go:53.2,62.8 4 0
github.com/yourusername/keyline/internal/observability/handler.go:9.40,11.36 2 0
github.com/yourusername/keyline/internal/observability/handler.go:11.36,14.3 2 0
github.com/yourusername/keyline/internal/observability/logging.go:12.45,13.21 1 0
github.com/yourusername/keyline/internal/observability/logging.go:13.21,15.3 1 0
github.com/yourusername/keyline/internal/observability/logging.go:16.2,17.37 2 0
github.com/yourusername/keyline/internal/observability/logging.go:22.48,24.57 1 0
github.com/yourusername/keyline/internal/observability/logging.go:24.57,27.19 2 0
github.com/yourusername/keyline/internal/observability/logging.go:27.19,29.4 1 0
github.com/yourusername/keyline/internal/observability/logging.go:33.2,33.51 1 0
github.com/yourusername/keyline/internal/observability/logging.go:33.51,35.3 1 0
github.com/yourusername/keyline/internal/observability/logging.go:39.2,40.52 2 0
github.com/yourusername/keyline/internal/observability/logging.go:40.52,42.3 1 0
github.com/yourusername/keyline/internal/observability/logging.go:44.2,44.13 1 0
github.com/yourusername/keyline/internal/observability/middleware.go:14.70,17.54 2 0
github.com/yourusername/keyline/internal/observability/middleware.go:17.54,18.37 1 0
github.com/yourusername/keyline/internal/observability/middleware.go:18.37,24.38 3 0
github.com/yourusername/keyline/internal/observability/middleware.go:24.38,31.5 4 0
github.com/yourusername/keyline/internal/observability/middleware.go:34.4,34.17 1 0
github.com/yourusername/keyline/internal/observability/middleware.go:34.17,37.5 2 0
github.com/yourusername/keyline/internal/observability/middleware.go:39.4,39.18 1 0
github.com/yourusername/keyline/internal/observability/middleware.go:45.65,46.54 1 0
github.com/yourusername/keyline/internal/observability/middleware.go:46.54,47.37 1 0
github.com/yourusername/keyline/internal/observability/middleware.go:47.37,49.44 1 0
github.com/yourusername/keyline/internal/observability/middleware.go:49.44,54.5 2 0
github.com/yourusername/keyline/internal/observability/middleware.go:57.4,59.18 2 0
github.com/yourusername/keyline/internal/observability/middleware.go:66.45,67.54 1 0
github.com/yourusername/keyline/internal/observability/middleware.go:67.54,68.37 1 0
github.com/yourusername/keyline/internal/observability/middleware.go:68.37,74.26 3 0
github.com/yourusername/keyline/internal/observability/middleware.go:74.26,76.62 1 0
github.com/yourusername/keyline/internal/observability/middleware.go:76.62,78.6 1 0
github.com/yourusername/keyline/internal/observability/middleware.go:79.5,79.62 1 0
github.com/yourusername/keyline/internal/observability/middleware.go:79.62,81.6 1 0
github.com/yourusername/keyline/internal/observability/middleware.go:82.5,82.55 1 0
github.com/yourusername/keyline/internal/observability/middleware.go:82.55,84.6 1 0
github.com/yourusername/keyline/internal/observability/middleware.go:87.4,87.14 1 0
github.com/yourusername/keyline/internal/observability/middleware.go:94.53,97.54 2 0
github.com/yourusername/keyline/internal/observability/middleware.go:97.54,98.37 1 0
github.com/yourusername/keyline/internal/observability/middleware.go:98.37,124.61 8 0
github.com/yourusername/keyline/internal/observability/middleware.go:124.61,126.5 1 0
github.com/yourusername/keyline/internal/observability/middleware.go:127.4,127.61 1 0
github.com/yourusername/keyline/internal/observability/middleware.go:127.61,129.5 1 0
github.com/yourusername/keyline/internal/observability/middleware.go:130.4,130.54 1 0
github.com/yourusername/keyline/internal/observability/middleware.go:130.54,132.5 1 0
github.com/yourusername/keyline/internal/observability/middleware.go:134.4,134.14 1 0
github.com/yourusername/keyline/internal/observability/tracing.go:22.109,23.22 1 0
github.com/yourusername/keyline/internal/observability/tracing.go:23.22,27.70 3 0
github.com/yourusername/keyline/internal/observability/tracing.go:27.70,27.84 1 0
github.com/yourusername/keyline/internal/observability/tracing.go:33.2,33.31 1 0
github.com/yourusername/keyline/internal/observability/tracing.go:33.31,35.43 1 0
github.com/yourusername/keyline/internal/observability/tracing.go:35.43,37.4 1 0
github.com/yourusername/keyline/internal/observability/tracing.go:39.2,39.34 1 0
github.com/yourusername/keyline/internal/observability/tracing.go:39.34,40.46 1 0
github.com/yourusername/keyline/internal/observability/tracing.go:40.46,42.4 1 0
github.com/yourusername/keyline/internal/observability/tracing.go:44.2,44.31 1 0
github.com/yourusername/keyline/internal/observability/tracing.go:44.31,45.53 1 0
github.com/yourusername/keyline/internal/observability/tracing.go:45.53,47.4 1 0
github.com/yourusername/keyline/internal/observability/tracing.go:49.2,49.28 1 0
github.com/yourusername/keyline/internal/observability/tracing.go:49.28,50.60 1 0
github.com/yourusername/keyline/internal/observability/tracing.go:50.60,52.4 1 0
github.com/yourusername/keyline/internal/observability/tracing.go:57.2,58.27 2 0
github.com/yourusername/keyline/internal/observability/tracing.go:58.27,61.3 2 0
github.com/yourusername/keyline/internal/observability/tracing.go:64.2,66.16 2 0
github.com/yourusername/keyline/internal/observability/tracing.go:66.16,72.70 3 0
github.com/yourusername/keyline/internal/observability/tracing.go:72.70,72.84 1 0
github.com/yourusername/keyline/internal/observability/tracing.go:76.2,93.46 4 0
github.com/yourusername/keyline/internal/observability/tracing.go:93.46,94.27 1 0
github.com/yourusername/keyline/internal/observability/tracing.go:94.27,96.4 1 0
github.com/yourusername/keyline/internal/observability/tracing.go:97.3,97.13 1 0
github.com/yourusername/keyline/internal/observability/tracing.go:100.2,100.30 1 0
github.com/yourusername/keyline/internal/server/callback.go:11.55,17.27 3 0
github.com/yourusername/keyline/internal/server/callback.go:17.27,22.3 2 0
github.com/yourusername/keyline/internal/server/callback.go:25.2,40.16 6 0
github.com/yourusername/keyline/internal/server/callback.go:40.16,47.3 2 0
github.com/yourusername/keyline/internal/server/callback.go:50.2,57.50 3 0
github.com/yourusername/keyline/internal/server/logout.go:12.53,19.40 4 1
github.com/yourusername/keyline/internal/server/logout.go:19.40,25.3 2 1
github.com/yourusername/keyline/internal/server/logout.go:27.2,28.21 2 1
github.com/yourusername/keyline/internal/server/logout.go:28.21,30.72 1 1
github.com/yourusername/keyline/internal/server/logout.go:30.72,35.4 1 0
github.com/yourusername/keyline/internal/server/logout.go:35.9,39.4 1 1
github.com/yourusername/keyline/internal/server/logout.go:43.2,56.27 3 1
github.com/yourusername/keyline/internal/server/logout.go:56.27,58.49 2 0
github.com/yourusername/keyline/internal/server/logout.go:58.49,64.4 2 0
github.com/yourusername/keyline/internal/server/logout.go:68.2,71.4 2 1
github.com/yourusername/keyline/internal/server/server.go:34.156,42.35 4 0
github.com/yourusername/keyline/internal/server/server.go:42.35,46.3 2 0
github.com/yourusername/keyline/internal/server/server.go:49.2,60.27 5 0
github.com/yourusername/keyline/internal/server/server.go:60.27,63.3 2 0
github.com/yourusername/keyline/internal/server/server.go:63.8,65.3 1 0
github.com/yourusername/keyline/internal/server/server.go:66.2,72.34 2 0
github.com/yourusername/keyline/internal/server/server.go:72.34,75.3 2 0
github.com/yourusername/keyline/internal/server/server.go:78.2,87.16 5 0
github.com/yourusername/keyline/internal/server/server.go:87.16,89.3 1 0
github.com/yourusername/keyline/internal/server/server.go:91.2,101.25 2 0
github.com/yourusername/keyline/internal/server/server.go:102.22,104.17 2 0
github.com/yourusername/keyline/internal/server/server.go:104.17,106.4 1 0
github.com/yourusername/keyline/internal/server/server.go:107.3,108.51 2 0
github.com/yourusername/keyline/internal/server/server.go:110.20,112.17 2 0
github.com/yourusername/keyline/internal/server/server.go:112.17,114.4 1 0
github.com/yourusername/keyline/internal/server/server.go:115.3,116.56 2 0
github.com/yourusername/keyline/internal/server/server.go:118.10,119.110 1 0
github.com/yourusername/keyline/internal/server/server.go:123.2,125.15 2 0
github.com/yourusername/keyline/internal/server/server.go:129.35,139.43 5 0
github.com/yourusername/keyline/internal/server/server.go:139.43,142.3 2 0
github.com/yourusername/keyline/internal/server/server.go:145.2,145.30 1 0
github.com/yourusername/keyline/internal/server/server.go:146.22,150.54 3 0
github.com/yourusername/keyline/internal/server/server.go:152.20,156.59 3 0
github.com/yourusername/keyline/internal/server/server.go:161.53,174.56 7 1
github.com/yourusername/keyline/internal/server/server.go:174.56,182.3 2 1
github.com/yourusername/keyline/internal/server/server.go:185.2,185.65 1 1
github.com/yourusername/keyline/internal/server/server.go:185.65,194.3 2 1
github.com/yourusername/keyline/internal/server/server.go:197.2,205.27 3 1
github.com/yourusername/keyline/internal/server/server.go:205.27,206.28 1 1
github.com/yourusername/keyline/internal/server/server.go:206.28,212.4 2 1
github.com/yourusername/keyline/internal/server/server.go:215.3,216.17 2 0
github.com/yourusername/keyline/internal/server/server.go:216.17,222.4 2 0
github.com/yourusername/keyline/internal/server/server.go:224.3,227.4 1 0
github.com/yourusername/keyline/internal/server/server.go:230.2,235.38 2 1
github.com/yourusername/keyline/internal/server/server.go:239.32,247.74 3 0
github.com/yourusername/keyline/internal/server/server.go:247.74,249.3 1 0
github.com/yourusername/keyline/internal/server/server.go:251.2,251.12 1 0
github.com/yourusername/keyline/internal/server/server.go:255.54,259.45 2 0
github.com/yourusername/keyline/internal/server/server.go:259.45,261.3 1 0
github.com/yourusername/keyline/internal/server/server.go:267.2,268.12 2 0
github.com/yourusername/keyline/internal/session/session.go:18.95,24.16 5 1
github.com/yourusername/keyline/internal/session/session.go:24.16,26.3 1 0
github.com/yourusername/keyline/internal/session/session.go:28.2,30.45 2 1
github.com/yourusername/keyline/internal/session/session.go:30.45,36.3 2 0
github.com/yourusername/keyline/internal/session/session.go:38.2,45.12 2 1
github.com/yourusername/keyline/internal/session/session.go:49.104,57.16 6 1
github.com/yourusername/keyline/internal/session/session.go:57.16,63.3 2 0
github.com/yourusername/keyline/internal/session/session.go:65.2,65.30 1 1
github.com/yourusername/keyline/internal/session/session.go:65.30,71.3 2 1
github.com/yourusername/keyline/internal/session/session.go:73.2,74.55 2 1
github.com/yourusername/keyline/internal/session/session.go:74.55,76.3 1 0
github.com/yourusername/keyline/internal/session/session.go:79.2,79.25 1 1
github.com/yourusername/keyline/internal/session/session.go:79.25,87.3 3 1
github.com/yourusername/keyline/internal/session/session.go:89.2,95.22 2 1
github.com/yourusername/keyline/internal/session/session.go:99.95,109.9 5 1
github.com/yourusername/keyline/internal/session/session.go:109.9,110.50 1 0
github.com/yourusername/keyline/internal/session/session.go:110.50,116.4 2 0
github.com/yourusername/keyline/internal/session/session.go:117.8,119.50 1 1
github.com/yourusername/keyline/internal/session/session.go:119.50,125.4 2 0
github.com/yourusername/keyline/internal/session/session.go:128.2,133.12 2 1
github.com/yourusername/keyline/internal/session/store.go:41.36,43.2 1 1
github.com/yourusername/keyline/internal/transport/forward_auth.go:25.132,31.2 1 1
github.com/yourusername/keyline/internal/transport/forward_auth.go:34.44,36.2 1 0
github.com/yourusername/keyline/internal/transport/forward_auth.go:39.66,44.16 3 1
github.com/yourusername/keyline/internal/transport/forward_auth.go:44.16,51.3 2 0
github.com/yourusername/keyline/internal/transport/forward_auth.go:53.2,61.35 2 1
github.com/yourusername/keyline/internal/transport/forward_auth.go:61.35,63.3 1 0
github.com/yourusername/keyline/internal/transport/forward_auth.go:66.2,81.35 3 1
github.com/yourusername/keyline/internal/transport/forward_auth.go:85.88,90.38 3 1
github.com/yourusername/keyline/internal/transport/forward_auth.go:90.38,91.22 1 1
github.com/yourusername/keyline/internal/transport/forward_auth.go:91.22,93.4 1 1
github.com/yourusername/keyline/internal/transport/forward_auth.go:96.2,102.66 2 1
github.com/yourusername/keyline/internal/transport/forward_auth.go:102.66,109.18 5 1
github.com/yourusername/keyline/internal/transport/forward_auth.go:109.18,111.4 1 1
github.com/yourusername/keyline/internal/transport/forward_auth.go:112.3,120.21 3 1
github.com/yourusername/keyline/internal/transport/forward_auth.go:124.2,124.65 1 0
github.com/yourusername/keyline/internal/transport/forward_auth.go:124.65,131.18 5 0
github.com/yourusername/keyline/internal/transport/forward_auth.go:131.18,133.4 1 0
github.com/yourusername/keyline/internal/transport/forward_auth.go:134.3,142.21 3 0
github.com/yourusername/keyline/internal/transport/forward_auth.go:146.2,157.20 6 0
github.com/yourusername/keyline/internal/transport/forward_auth.go:161.63,163.2 1 1
github.com/yourusername/keyline/internal/transport/forward_auth.go:166.88,188.2 7 0
github.com/yourusername/keyline/internal/transport/forward_auth.go:191.93,194.26 2 1
github.com/yourusername/keyline/internal/transport/forward_auth.go:194.26,205.48 3 1
github.com/yourusername/keyline/internal/transport/forward_auth.go:205.48,207.4 1 1
github.com/yourusername/keyline/internal/transport/forward_auth.go:209.3,209.36 1 1
github.com/yourusername/keyline/internal/transport/forward_auth.go:213.2,213.30 1 1
github.com/yourusername/keyline/internal/transport/forward_auth.go:213.30,217.3 2 0
github.com/yourusername/keyline/internal/transport/forward_auth.go:220.2,225.50 2 1
github.com/yourusername/keyline/internal/transport/forward_auth.go:225.50,227.3 1 1
github.com/yourusername/keyline/internal/transport/forward_auth.go:229.2,231.4 1 1
github.com/yourusername/keyline/internal/transport/standalone.go:38.170,41.16 2 1
github.com/yourusername/keyline/internal/transport/standalone.go:41.16,43.3 1 0
github.com/yourusername/keyline/internal/transport/standalone.go:45.2,74.21 4 1
github.com/yourusername/keyline/internal/transport/standalone.go:78.48,80.2 1 0
github.com/yourusername/keyline/internal/transport/standalone.go:83.70,94.32 4 1
github.com/yourusername/keyline/internal/transport/standalone.go:94.32,101.3 2 1
github.com/yourusername/keyline/internal/transport/standalone.go:104.2,121.27 4 0
github.com/yourusername/keyline/internal/transport/standalone.go:121.27,123.31 1 0
github.com/yourusername/keyline/internal/transport/standalone.go:123.31,127.4 2 0
github.com/yourusername/keyline/internal/transport/standalone.go:130.3,137.42 3 0
github.com/yourusername/keyline/internal/transport/standalone.go:137.42,140.4 1 0
github.com/yourusername/keyline/internal/transport/standalone.go:142.3,142.51 1 0
github.com/yourusername/keyline/internal/transport/standalone.go:142.51,144.4 1 0
github.com/yourusername/keyline/internal/transport/standalone.go:146.3,148.5 1 0
github.com/yourusername/keyline/internal/transport/standalone.go:152.2,170.39 7 0
github.com/yourusername/keyline/internal/transport/standalone.go:170.39,172.3 1 0
github.com/yourusername/keyline/internal/transport/standalone.go:175.2,175.41 1 0
github.com/yourusername/keyline/internal/transport/standalone.go:178.119,193.45 9 0
github.com/yourusername/keyline/internal/transport/standalone.go:193.45,195.3 1 0
github.com/yourusername/keyline/internal/transport/standalone.go:196.2,196.47 1 0
github.com/yourusername/keyline/internal/transport/standalone.go:196.47,197.21 1 0
github.com/yourusername/keyline/internal/transport/standalone.go:197.21,199.4 1 0
github.com/yourusername/keyline/internal/transport/standalone.go:199.9,201.4 1 0
github.com/yourusername/keyline/internal/transport/standalone.go:203.2,203.46 1 0
github.com/yourusername/keyline/internal/transport/standalone.go:203.46,205.3 1 0
github.com/yourusername/keyline/internal/transport/standalone.go:207.2,210.53 3 0
github.com/yourusername/keyline/internal/transport/standalone.go:210.53,211.18 1 0
github.com/yourusername/keyline/internal/transport/standalone.go:211.18,216.4 1 0
github.com/yourusername/keyline/internal/transport/standalone.go:218.3,219.17 2 0
github.com/yourusername/keyline/internal/transport/standalone.go:219.17,221.9 2 0
github.com/yourusername/keyline/internal/transport/standalone.go:225.3,225.49 1 0
github.com/yourusername/keyline/internal/transport/standalone.go:225.49,230.18 3 0
github.com/yourusername/keyline/internal/transport/standalone.go:230.18,234.10 2 0
github.com/yourusername/keyline/internal/transport/standalone.go:238.4,238.71 1 0
github.com/yourusername/keyline/internal/transport/standalone.go:238.71,243.10 2 0
github.com/yourusername/keyline/internal/transport/standalone.go:247.4,248.18 2 0
github.com/yourusername/keyline/internal/transport/standalone.go:248.18,253.10 2 0
github.com/yourusername/keyline/internal/transport/standalone.go:257.4,259.12 3 0
github.com/yourusername/keyline/internal/transport/standalone.go:263.3,264.33 2 0
github.com/yourusername/keyline/internal/transport/standalone.go:264.33,265.25 1 0
github.com/yourusername/keyline/internal/transport/standalone.go:265.25,267.5 1 0
github.com/yourusername/keyline/internal/transport/standalone.go:269.3,272.13 4 0
github.com/yourusername/keyline/internal/transport/standalone.go:275.2,275.20 1 0
github.com/yourusername/keyline/internal/transport/standalone.go:275.20,277.3 1 0
github.com/yourusername/keyline/internal/transport/standalone.go:279.2,281.4 1 0
github.com/yourusername/keyline/internal/transport/standalone.go:284.105,289.37 2 0
github.com/yourusername/keyline/internal/transport/standalone.go:289.37,293.3 1 0
github.com/yourusername/keyline/internal/transport/standalone.go:295.2,295.131 1 0
github.com/yourusername/keyline/internal/transport/standalone.go:295.131,299.3 1 0
github.com/yourusername/keyline/internal/transport/standalone.go:301.2,301.39 1 0
github.com/yourusername/keyline/internal/transport/standalone.go:301.39,302.23 1 0
github.com/yourusername/keyline/internal/transport/standalone.go:302.23,306.4 1 0
github.com/yourusername/keyline/internal/transport/standalone.go:307.3,309.5 1 0
github.com/yourusername/keyline/internal/transport/standalone.go:312.2,312.57 1 0
github.com/yourusername/keyline/internal/transport/standalone.go:312.57,316.3 1 0
github.com/yourusername/keyline/internal/transport/standalone.go:318.2,320.4 1 0
github.com/yourusername/keyline/internal/transport/standalone.go:324.62,333.18 5 1
github.com/yourusername/keyline/internal/transport/standalone.go:333.18,340.3 3 1
github.com/yourusername/keyline/internal/transport/standalone.go:343.2,346.45 2 1
github.com/yourusername/keyline/internal/transport/standalone.go:346.45,348.3 1 1
github.com/yourusername/keyline/internal/transport/standalone.go:349.2,349.47 1 1
github.com/yourusername/keyline/internal/transport/standalone.go:349.47,350.21 1 1
github.com/yourusername/keyline/internal/transport/standalone.go:350.21,352.4 1 0
github.com/yourusername/keyline/internal/transport/standalone.go:352.9,354.4 1 1
github.com/yourusername/keyline/internal/transport/standalone.go:356.2,356.46 1 1
github.com/yourusername/keyline/internal/transport/standalone.go:356.46,358.3 1 1
github.com/yourusername/keyline/internal/transport/standalone.go:362.98,371.37 3 0
github.com/yourusername/keyline/internal/transport/standalone.go:371.37,377.3 4 0
github.com/yourusername/keyline/internal/transport/standalone.go:380.2,380.131 1 0
github.com/yourusername/keyline/internal/transport/standalone.go:380.131,387.3 4 0
github.com/yourusername/keyline/internal/transport/standalone.go:390.2,390.39 1 0
github.com/yourusername/keyline/internal/transport/standalone.go:390.39,391.23 1 0
github.com/yourusername/keyline/internal/transport/standalone.go:391.23,395.4 3 0
github.com/yourusername/keyline/internal/transport/standalone.go:395.9,399.4 3 0
github.com/yourusername/keyline/internal/transport/standalone.go:400.3,400.9 1 0
github.com/yourusername/keyline/internal/transport/standalone.go:404.2,404.57 1 0
github.com/yourusername/keyline/internal/transport/standalone.go:404.57,409.3 4 0
github.com/yourusername/keyline/internal/transport/standalone.go:412.2,413.74 2 0
github.com/yourusername/keyline/internal/transport/standalone.go:417.71,425.41 2 1
github.com/yourusername/keyline/internal/transport/standalone.go:425.41,426.64 1 1
github.com/yourusername/keyline/internal/transport/standalone.go:426.64,428.4 1 1
github.com/yourusername/keyline/internal/transport/standalone.go:431.2,431.14 1 0
github.com/yourusername/keyline/internal/transport/standalone.go:435.77,437.20 2 0
github.com/yourusername/keyline/internal/transport/standalone.go:437.20,439.3 1 0
github.com/yourusername/keyline/internal/transport/standalone.go:441.2,441.73 1 0
github.com/yourusername/keyline/internal/transport/standalone.go:445.86,447.38 2 0
github.com/yourusername/keyline/internal/transport/standalone.go:447.38,448.22 1 0
github.com/yourusername/keyline/internal/transport/standalone.go:448.22,450.4 1 0
github.com/yourusername/keyline/internal/transport/standalone.go:452.2,452.16 1 0
github.com/yourusername/keyline/internal/transport/standalone.go:456.77,468.41 2 1
github.com/yourusername/keyline/internal/transport/standalone.go:468.41,470.3 1 1
github.com/yourusername/keyline/internal/transport/standalone.go:474.77,477.2 1 0
github.com/yourusername/keyline/internal/transport/standalone.go:480.114,485.37 3 0
github.com/yourusername/keyline/internal/transport/standalone.go:485.37,487.3 1 0
github.com/yourusername/keyline/internal/transport/standalone.go:487.8,489.3 1 0
github.com/yourusername/keyline/internal/transport/standalone.go:490.2,495.16 4 0
github.com/yourusername/keyline/internal/transport/standalone.go:495.16,502.3 2 0
github.com/yourusername/keyline/internal/transport/standalone.go:503.2,507.9 3 0
github.com/yourusername/keyline/internal/transport/standalone.go:507.9,512.3 2 0
github.com/yourusername/keyline/internal/transport/standalone.go:514.2,515.16 2 0
github.com/yourusername/keyline/internal/transport/standalone.go:515.16,520.3 2 0
github.com/yourusername/keyline/internal/transport/standalone.go:521.2,527.48 4 0
github.com/yourusername/keyline/internal/transport/standalone.go:527.48,532.3 2 0
github.com/yourusername/keyline/internal/transport/standalone.go:535.2,538.12 2 0
github.com/yourusername/keyline/internal/transport/standalone.go:538.12,541.3 2 0
github.com/yourusername/keyline/internal/transport/standalone.go:544.2,544.12 1 0
github.com/yourusername/keyline/internal/transport/standalone.go:544.12,547.3 2 0
github.com/yourusername/keyline/internal/transport/standalone.go:550.2,552.33 2 0
github.com/yourusername/keyline/internal/transport/standalone.go:552.33,556.3 1 0
github.com/yourusername/keyline/internal/transport/standalone.go:556.8,558.3 1 0
github.com/yourusername/keyline/internal/transport/standalone.go:560.2,560.12 1 0
github.com/yourusername/keyline/internal/usermgmt/encryptor.go:29.50,30.20 1 1
github.com/yourusername/keyline/internal/usermgmt/encryptor.go:30.20,32.3 1 1
github.com/yourusername/keyline/internal/usermgmt/encryptor.go:34.2,34.34 1 1
github.com/yourusername/keyline/internal/usermgmt/encryptor.go:39.63,42.16 2 1
github.com/yourusername/keyline/internal/usermgmt/encryptor.go:42.16,44.3 1 0
github.com/yourusername/keyline/internal/usermgmt/encryptor.go:47.2,48.16 2 1
github.com/yourusername/keyline/internal/usermgmt/encryptor.go:48.16,50.3 1 0
github.com/yourusername/keyline/internal/usermgmt/encryptor.go:53.2,54.59 2 1
github.com/yourusername/keyline/internal/usermgmt/encryptor.go:54.59,56.3 1 0
github.com/yourusername/keyline/internal/usermgmt/encryptor.go:59.2,62.59 2 1
github.com/yourusername/keyline/internal/usermgmt/encryptor.go:67.64,70.16 2 1
github.com/yourusername/keyline/internal/usermgmt/encryptor.go:70.16,72.3 1 1
github.com/yourusername/keyline/internal/usermgmt/encryptor.go:75.2,76.16 2 1
github.com/yourusername/keyline/internal/usermgmt/encryptor.go:76.16,78.3 1 0
github.com/yourusername/keyline/internal/usermgmt/encryptor.go:81.2,82.16 2 1
github.com/yourusername/keyline/internal/usermgmt/encryptor.go:82.16,84.3 1 0
github.com/yourusername/keyline/internal/usermgmt/encryptor.go:87.2,88.27 2 1
github.com/yourusername/keyline/internal/usermgmt/encryptor.go:88.27,90.3 1 1
github.com/yourusername/keyline/internal/usermgmt/encryptor.go:92.2,96.16 3 1
github.com/yourusername/keyline/internal/usermgmt/encryptor.go:96.16,98.3 1 1
github.com/yourusername/keyline/internal/usermgmt/encryptor.go:100.2,100.31 1 1
github.com/yourusername/keyline/internal/usermgmt/manager.go:35.102,39.16 3 1
github.com/yourusername/keyline/internal/usermgmt/manager.go:39.16,41.3 1 0
github.com/yourusername/keyline/internal/usermgmt/manager.go:43.2,43.41 1 1
github.com/yourusername/keyline/internal/usermgmt/manager.go:43.41,45.30 2 1
github.com/yourusername/keyline/internal/usermgmt/manager.go:45.30,47.32 2 1
github.com/yourusername/keyline/internal/usermgmt/manager.go:47.32,48.78 1 0
github.com/yourusername/keyline/internal/usermgmt/manager.go:48.78,50.6 1 0
github.com/yourusername/keyline/internal/usermgmt/manager.go:51.5,51.58 1 0
github.com/yourusername/keyline/internal/usermgmt/manager.go:55.3,55.93 1 1
github.com/yourusername/keyline/internal/usermgmt/manager.go:58.2,59.16 2 1
github.com/yourusername/keyline/internal/usermgmt/manager.go:59.16,61.3 1 0
github.com/yourusername/keyline/internal/usermgmt/manager.go:63.2,63.75 1 1
github.com/yourusername/keyline/internal/usermgmt/manager.go:63.75,65.3 1 0
github.com/yourusername/keyline/internal/usermgmt/manager.go:67.2,67.67 1 1
github.com/yourusername/keyline/internal/usermgmt/manager.go:67.67,69.3 1 0
github.com/yourusername/keyline/internal/usermgmt/manager.go:71.2,71.78 1 1
github.com/yourusername/keyline/internal/usermgmt/manager.go:74.57,76.27 2 1
github.com/yourusername/keyline/internal/usermgmt/manager.go:76.27,78.3 1 1
github.com/yourusername/keyline/internal/usermgmt/manager.go:79.2,79.18 1 0
github.com/yourusername/keyline/internal/usermgmt/manager.go:82.54,85.2 2 1
github.com/yourusername/keyline/internal/usermgmt/manager.go:87.113,89.16 2 1
github.com/yourusername/keyline/internal/usermgmt/manager.go:89.16,91.3 1 0
github.com/yourusername/keyline/internal/usermgmt/manager.go:93.2,100.52 2 1
github.com/yourusername/keyline/internal/usermgmt/manager.go:103.116,104.51 1 0
github.com/yourusername/keyline/internal/usermgmt/manager.go:104.51,106.3 1 0
github.com/yourusername/keyline/internal/usermgmt/manager.go:108.2,109.16 2 0
github.com/yourusername/keyline/internal/usermgmt/manager.go:109.16,111.3 1 0
github.com/yourusername/keyline/internal/usermgmt/manager.go:113.2,113.75 1 0
github.com/yourusername/keyline/internal/usermgmt/manager.go:113.75,115.3 1 0
github.com/yourusername/keyline/internal/usermgmt/manager.go:117.2,117.67 1 0
github.com/yourusername/keyline/internal/usermgmt/manager.go:117.67,119.3 1 0
github.com/yourusername/keyline/internal/usermgmt/manager.go:121.2,121.12 1 0
github.com/yourusername/keyline/internal/usermgmt/manager.go:124.128,126.16 2 0
github.com/yourusername/keyline/internal/usermgmt/manager.go:126.16,128.3 1 0
github.com/yourusername/keyline/internal/usermgmt/manager.go:129.2,129.12 1 0
github.com/yourusername/keyline/internal/usermgmt/manager.go:129.12,131.3 1 0
github.com/yourusername/keyline/internal/usermgmt/manager.go:132.2,132.92 1 0
github.com/yourusername/keyline/internal/usermgmt/manager.go:135.80,136.66 1 0
github.com/yourusername/keyline/internal/usermgmt/manager.go:136.66,138.3 1 0
github.com/yourusername/keyline/internal/usermgmt/manager.go:140.2,142.16 3 0
github.com/yourusername/keyline/internal/usermgmt/manager.go:142.16,144.3 1 0
github.com/yourusername/keyline/internal/usermgmt/manager.go:146.2,147.21 2 0
github.com/yourusername/keyline/internal/usermgmt/manager.go:147.21,149.3 1 0
github.com/yourusername/keyline/internal/usermgmt/manager.go:151.2,151.22 1 0
github.com/yourusername/keyline/internal/usermgmt/manager.go:162.109,171.2 2 0
github.com/yourusername/keyline/internal/usermgmt/manager.go:173.79,175.51 2 0
github.com/yourusername/keyline/internal/usermgmt/manager.go:175.51,177.3 1 0
github.com/yourusername/keyline/internal/usermgmt/manager.go:178.2,178.12 1 0
github.com/yourusername/keyline/internal/usermgmt/password.go:25.58,26.17 1 1
github.com/yourusername/keyline/internal/usermgmt/password.go:26.17,28.3 1 1
github.com/yourusername/keyline/internal/usermgmt/password.go:29.2,31.3 1 1
github.com/yourusername/keyline/internal/usermgmt/password.go:36.57,39.26 2 1
github.com/yourusername/keyline/internal/usermgmt/password.go:39.26,42.17 2 1
github.com/yourusername/keyline/internal/usermgmt/password.go:42.17,44.4 1 0
github.com/yourusername/keyline/internal/usermgmt/password.go:45.3,45.45 1 1
github.com/yourusername/keyline/internal/usermgmt/password.go:48.2,48.30 1 1
github.com/yourusername/keyline/internal/usermgmt/rolemapper.go:22.52,26.2 1 1
github.com/yourusername/keyline/internal/usermgmt/rolemapper.go:30.96,44.49 7 1
github.com/yourusername/keyline/internal/usermgmt/rolemapper.go:44.49,46.32 1 1
github.com/yourusername/keyline/internal/usermgmt/rolemapper.go:46.32,47.47 1 1
github.com/yourusername/keyline/internal/usermgmt/rolemapper.go:47.47,52.42 3 1
github.com/yourusername/keyline/internal/usermgmt/rolemapper.go:52.42,54.6 1 1
github.com/yourusername/keyline/internal/usermgmt/rolemapper.go:57.5,64.6 2 1
github.com/yourusername/keyline/internal/usermgmt/rolemapper.go:70.2,70.14 1 1
github.com/yourusername/keyline/internal/usermgmt/rolemapper.go:70.14,71.41 1 1
github.com/yourusername/keyline/internal/usermgmt/rolemapper.go:71.41,80.4 5 1
github.com/yourusername/keyline/internal/usermgmt/rolemapper.go:82.3,88.49 3 1
github.com/yourusername/keyline/internal/usermgmt/rolemapper.go:88.49,90.4 1 1
github.com/yourusername/keyline/internal/usermgmt/rolemapper.go:91.8,96.3 1 1
github.com/yourusername/keyline/internal/usermgmt/rolemapper.go:99.2,100.29 2 1
github.com/yourusername/keyline/internal/usermgmt/rolemapper.go:100.29,102.3 1 1
github.com/yourusername/keyline/internal/usermgmt/rolemapper.go:104.2,115.19 3 1
github.com/yourusername/keyline/internal/usermgmt/rolemapper.go:124.64,126.22 1 1
github.com/yourusername/keyline/internal/usermgmt/rolemapper.go:126.22,128.3 1 1
github.com/yourusername/keyline/internal/usermgmt/rolemapper.go:131.2,131.37 1 1
github.com/yourusername/keyline/internal/usermgmt/rolemapper.go:131.37,133.3 1 1
github.com/yourusername/keyline/internal/usermgmt/rolemapper.go:136.2,136.37 1 1
github.com/yourusername/keyline/internal/usermgmt/rolemapper.go:136.37,139.3 2 1
github.com/yourusername/keyline/internal/usermgmt/rolemapper.go:142.2,142.37 1 1
github.com/yourusername/keyline/internal/usermgmt/rolemapper.go:142.37,145.3 2 1
github.com/yourusername/keyline/internal/usermgmt/rolemapper.go:148.2,148.38 1 1
github.com/yourusername/keyline/internal/usermgmt/rolemapper.go:148.38,150.22 2 1
github.com/yourusername/keyline/internal/usermgmt/rolemapper.go:150.22,152.4 1 1
github.com/yourusername/keyline/internal/usermgmt/rolemapper.go:156.2,156.14 1 0
github.com/yourusername/keyline/internal/auth/basic.go:20.85,21.18 1 1
github.com/yourusername/keyline/internal/auth/basic.go:21.18,23.3 1 1
github.com/yourusername/keyline/internal/auth/basic.go:25.2,25.25 1 1
github.com/yourusername/keyline/internal/auth/basic.go:25.25,27.3 1 1
github.com/yourusername/keyline/internal/auth/basic.go:29.2,31.8 1 1
github.com/yourusername/keyline/internal/auth/basic.go:52.93,56.35 2 1
github.com/yourusername/keyline/internal/auth/basic.go:56.35,62.3 2 1
github.com/yourusername/keyline/internal/auth/basic.go:65.2,65.59 1 1
github.com/yourusername/keyline/internal/auth/basic.go:65.59,71.3 2 1
github.com/yourusername/keyline/internal/auth/basic.go:74.2,75.24 2 1
github.com/yourusername/keyline/internal/auth/basic.go:75.24,81.3 2 0
github.com/yourusername/keyline/internal/auth/basic.go:84.2,85.16 2 1
github.com/yourusername/keyline/internal/auth/basic.go:85.16,93.3 2 1
github.com/yourusername/keyline/internal/auth/basic.go:95.2,99.16 3 1
github.com/yourusername/keyline/internal/auth/basic.go:99.16,107.3 2 1
github.com/yourusername/keyline/internal/auth/basic.go:110.2,111.17 2 1
github.com/yourusername/keyline/internal/auth/basic.go:111.17,120.3 2 1
github.com/yourusername/keyline/internal/auth/basic.go:123.2,123.79 1 1
github.com/yourusername/keyline/internal/auth/basic.go:123.79,132.3 2 1
github.com/yourusername/keyline/internal/auth/basic.go:135.2,148.3 2 1
github.com/yourusername/keyline/internal/auth/basic.go:153.85,157.21 2 1
github.com/yourusername/keyline/internal/auth/basic.go:157.21,159.3 1 1
github.com/yourusername/keyline/internal/auth/basic.go:161.2,165.20 3 1
github.com/yourusername/keyline/internal/auth/basic.go:165.20,167.3 1 1
github.com/yourusername/keyline/internal/auth/basic.go:169.2,169.20 1 1
github.com/yourusername/keyline/internal/auth/basic.go:169.20,171.3 1 0
github.com/yourusername/keyline/internal/auth/basic.go:173.2,173.32 1 1
github.com/yourusername/keyline/internal/auth/basic.go:177.73,178.32 1 1
github.com/yourusername/keyline/internal/auth/basic.go:178.32,179.45 1 1
github.com/yourusername/keyline/internal/auth/basic.go:179.45,181.4 1 1
github.com/yourusername/keyline/internal/auth/basic.go:183.2,183.12 1 1
github.com/yourusername/keyline/internal/auth/basic.go:187.106,190.16 2 1
github.com/yourusername/keyline/internal/auth/basic.go:190.16,191.49 1 1
github.com/yourusername/keyline/internal/auth/basic.go:191.49,193.4 1 1
github.com/yourusername/keyline/internal/auth/basic.go:195.3,198.49 2 0
github.com/yourusername/keyline/internal/auth/basic.go:200.2,200.12 1 1
github.com/yourusername/keyline/internal/auth/engine.go:32.141,45.28 2 1
github.com/yourusername/keyline/internal/auth/engine.go:45.28,47.17 2 1
github.com/yourusername/keyline/internal/auth/engine.go:47.17,49.4 1 0
github.com/yourusername/keyline/internal/auth/engine.go:50.3,50.39 1 1
github.com/yourusername/keyline/internal/auth/engine.go:54.2,54.22 1 1
github.com/yourusername/keyline/internal/auth/engine.go:54.22,56.17 2 1
github.com/yourusername/keyline/internal/auth/engine.go:56.17,58.4 1 0
github.com/yourusername/keyline/internal/auth/engine.go:59.3,59.37 1 1
github.com/yourusername/keyline/internal/auth/engine.go:62.2,62.20 1 1
github.com/yourusername/keyline/internal/auth/engine.go:95.86,104.22 2 1
github.com/yourusername/keyline/internal/auth/engine.go:104.22,106.20 2 1
github.com/yourusername/keyline/internal/auth/engine.go:106.20,108.4 1 1
github.com/yourusername/keyline/internal/auth/engine.go:112.2,112.35 1 1
github.com/yourusername/keyline/internal/auth/engine.go:112.35,115.64 1 1
github.com/yourusername/keyline/internal/auth/engine.go:115.64,117.21 2 1
github.com/yourusername/keyline/internal/auth/engine.go:117.21,119.5 1 1
github.com/yourusername/keyline/internal/auth/engine.go:120.9,120.27 1 1
github.com/yourusername/keyline/internal/auth/engine.go:120.27,122.4 1 0
github.com/yourusername/keyline/internal/auth/engine.go:122.9,122.28 1 1
github.com/yourusername/keyline/internal/auth/engine.go:122.28,126.21 2 1
github.com/yourusername/keyline/internal/auth/engine.go:126.21,128.5 1 1
github.com/yourusername/keyline/internal/auth/engine.go:133.2,133.19 1 1
github.com/yourusername/keyline/internal/auth/engine.go:133.19,135.3 1 0
github.com/yourusername/keyline/internal/auth/engine.go:138.2,143.3 2 1
github.com/yourusername/keyline/internal/auth/engine.go:147.97,150.37 2 1
github.com/yourusername/keyline/internal/auth/engine.go:150.37,151.49 1 1
github.com/yourusername/keyline/internal/auth/engine.go:151.49,153.9 2 1
github.com/yourusername/keyline/internal/auth/engine.go:157.2,157.26 1 1
github.com/yourusername/keyline/internal/auth/engine.go:157.26,160.3 2 1
github.com/yourusername/keyline/internal/auth/engine.go:162.2,163.21 2 1
github.com/yourusername/keyline/internal/auth/engine.go:163.21,166.3 2 0
github.com/yourusername/keyline/internal/auth/engine.go:169.2,170.16 2 1
github.com/yourusername/keyline/internal/auth/engine.go:170.16,175.3 2 0
github.com/yourusername/keyline/internal/auth/engine.go:177.2,177.17 1 1
github.com/yourusername/keyline/internal/auth/engine.go:177.17,182.3 2 1
github.com/yourusername/keyline/internal/auth/engine.go:185.2,194.16 3 1
github.com/yourusername/keyline/internal/auth/engine.go:194.16,204.3 2 1
github.com/yourusername/keyline/internal/auth/engine.go:207.2,224.3 3 1
github.com/yourusername/keyline/internal/auth/engine.go:228.99,238.31 4 1
github.com/yourusername/keyline/internal/auth/engine.go:238.31,247.3 2 1
github.com/yourusername/keyline/internal/auth/engine.go:250.2,254.49 4 1
github.com/yourusername/keyline/internal/auth/engine.go:254.49,255.43 1 1
github.com/yourusername/keyline/internal/auth/engine.go:255.43,259.9 4 1
github.com/yourusername/keyline/internal/auth/engine.go:264.2,273.16 3 1
github.com/yourusername/keyline/internal/auth/engine.go:273.16,283.3 2 0
github.com/yourusername/keyline/internal/auth/engine.go:286.2,305.3 3 1
github.com/yourusername/keyline/internal/auth/engine.go:312.64,313.21 1 1
github.com/yourusername/keyline/internal/auth/engine.go:313.21,315.3 1 0
github.com/yourusername/keyline/internal/auth/engine.go:317.2,319.16 3 1
github.com/yourusername/keyline/internal/auth/engine.go:319.16,321.3 1 1
github.com/yourusername/keyline/internal/auth/engine.go:323.2,324.16 2 1
github.com/yourusername/keyline/internal/auth/engine.go:324.16,326.3 1 0
github.com/yourusername/keyline/internal/auth/engine.go:328.2,328.46 1 1
github.com/yourusername/keyline/internal/auth/engine.go:328.46,329.29 1 1
github.com/yourusername/keyline/internal/auth/engine.go:329.29,331.4 1 1
github.com/yourusername/keyline/internal/auth/engine.go:333.2,333.14 1 1
github.com/yourusername/keyline/internal/auth/engine.go:337.94,347.31 4 0
github.com/yourusername/keyline/internal/auth/engine.go:347.31,356.3 2 0
github.com/yourusername/keyline/internal/auth/engine.go:359.2,368.16 3 0
github.com/yourusername/keyline/internal/auth/engine.go:368.16,378.3 2 0
github.com/yourusername/keyline/internal/auth/engine.go:380.2,399.3 3 0
github.com/yourusername/keyline/internal/auth/engine.go:403.90,410.16 3 0
github.com/yourusername/keyline/internal/auth/engine.go:410.16,419.3 2 0
github.com/yourusername/keyline/internal/auth/engine.go:421.2,427.3 2 0
github.com/yourusername/keyline/internal/auth/ldap.go:42.69,43.18 1 1
github.com/yourusername/keyline/internal/auth/ldap.go:43.18,45.3 1 1
github.com/yourusername/keyline/internal/auth/ldap.go:47.2,47.19 1 1
github.com/yourusername/keyline/internal/auth/ldap.go:47.19,49.3 1 1
github.com/yourusername/keyline/internal/auth/ldap.go:52.2,52.33 1 1
github.com/yourusername/keyline/internal/auth/ldap.go:52.33,54.3 1 1
github.com/yourusername/keyline/internal/auth/ldap.go:55.2,55.30 1 1
github.com/yourusername/keyline/internal/auth/ldap.go:55.30,57.3 1 1
github.com/yourusername/keyline/internal/auth/ldap.go:58.2,58.36 1 1
github.com/yourusername/keyline/internal/auth/ldap.go:58.36,60.3 1 1
github.com/yourusername/keyline/internal/auth/ldap.go:61.2,61.34 1 1
github.com/yourusername/keyline/internal/auth/ldap.go:61.34,63.3 1 1
github.com/yourusername/keyline/internal/auth/ldap.go:64.2,64.32 1 1
github.com/yourusername/keyline/internal/auth/ldap.go:64.32,66.3 1 1
github.com/yourusername/keyline/internal/auth/ldap.go:69.2,69.33 1 1
github.com/yourusername/keyline/internal/auth/ldap.go:69.33,70.63 1 1
github.com/yourusername/keyline/internal/auth/ldap.go:70.63,72.4 1 1
github.com/yourusername/keyline/internal/auth/ldap.go:73.3,73.60 1 1
github.com/yourusername/keyline/internal/auth/ldap.go:73.60,75.4 1 1
github.com/yourusername/keyline/internal/auth/ldap.go:76.3,76.66 1 1
github.com/yourusername/keyline/internal/auth/ldap.go:76.66,78.4 1 1
github.com/yourusername/keyline/internal/auth/ldap.go:79.3,79.64 1 1
github.com/yourusername/keyline/internal/auth/ldap.go:79.64,81.4 1 0
github.com/yourusername/keyline/internal/auth/ldap.go:85.2,85.28 1 1
github.com/yourusername/keyline/internal/auth/ldap.go:85.28,87.3 1 0
github.com/yourusername/keyline/internal/auth/ldap.go:88.2,88.91 1 1
github.com/yourusername/keyline/internal/auth/ldap.go:88.91,90.19 2 1
github.com/yourusername/keyline/internal/auth/ldap.go:90.19,92.4 1 1
github.com/yourusername/keyline/internal/auth/ldap.go:93.3,94.16 2 1
github.com/yourusername/keyline/internal/auth/ldap.go:94.16,96.4 1 1
github.com/yourusername/keyline/internal/auth/ldap.go:97.3,97.25 1 1
github.com/yourusername/keyline/internal/auth/ldap.go:98.8,101.3 1 1
github.com/yourusername/keyline/internal/auth/ldap.go:103.2,106.8 1 1
github.com/yourusername/keyline/internal/auth/ldap.go:110.88,114.35 2 1
github.com/yourusername/keyline/internal/auth/ldap.go:114.35,116.3 1 1
github.com/yourusername/keyline/internal/auth/ldap.go:117.2,117.59 1 1
github.com/yourusername/keyline/internal/auth/ldap.go:117.59,119.3 1 1
github.com/yourusername/keyline/internal/auth/ldap.go:121.2,122.24 2 1
github.com/yourusername/keyline/internal/auth/ldap.go:122.24,124.3 1 0
github.com/yourusername/keyline/internal/auth/ldap.go:126.2,127.16 2 1
github.com/yourusername/keyline/internal/auth/ldap.go:127.16,130.3 2 1
github.com/yourusername/keyline/internal/auth/ldap.go:132.2,133.16 2 1
github.com/yourusername/keyline/internal/auth/ldap.go:133.16,136.3 2 0
github.com/yourusername/keyline/internal/auth/ldap.go:139.2,143.16 3 1
github.com/yourusername/keyline/internal/auth/ldap.go:143.16,146.3 2 1
github.com/yourusername/keyline/internal/auth/ldap.go:147.2,152.74 3 1
github.com/yourusername/keyline/internal/auth/ldap.go:152.74,155.3 2 1
github.com/yourusername/keyline/internal/auth/ldap.go:158.2,159.16 2 1
github.com/yourusername/keyline/internal/auth/ldap.go:159.16,165.3 2 1
github.com/yourusername/keyline/internal/auth/ldap.go:168.2,168.52 1 1
github.com/yourusername/keyline/internal/auth/ldap.go:168.52,173.3 2 1
github.com/yourusername/keyline/internal/auth/ldap.go:176.2,176.74 1 1
github.com/yourusername/keyline/internal/auth/ldap.go:176.74,179.3 2 1
github.com/yourusername/keyline/internal/auth/ldap.go:182.2,185.87 2 1
github.com/yourusername/keyline/internal/auth/ldap.go:185.87,192.3 2 1
github.com/yourusername/keyline/internal/auth/ldap.go:194.2,201.26 3 1
github.com/yourusername/keyline/internal/auth/ldap.go:201.26,202.54 1 1
github.com/yourusername/keyline/internal/auth/ldap.go:202.54,204.4 1 1
github.com/yourusername/keyline/internal/auth/ldap.go:207.2,214.3 1 1
github.com/yourusername/keyline/internal/auth/ldap.go:219.134,239.16 4 1
github.com/yourusername/keyline/internal/auth/ldap.go:239.16,241.3 1 0
github.com/yourusername/keyline/internal/auth/ldap.go:243.2,243.30 1 1
github.com/yourusername/keyline/internal/auth/ldap.go:243.30,245.3 1 1
github.com/yourusername/keyline/internal/auth/ldap.go:247.2,252.6 2 1
github.com/yourusername/keyline/internal/auth/ldap.go:257.97,258.72 1 1
github.com/yourusername/keyline/internal/auth/ldap.go:258.72,260.3 1 1
github.com/yourusername/keyline/internal/auth/ldap.go:262.2,277.16 4 1
github.com/yourusername/keyline/internal/auth/ldap.go:277.16,282.3 2 1
github.com/yourusername/keyline/internal/auth/ldap.go:284.2,285.39 2 1
github.com/yourusername/keyline/internal/auth/ldap.go:285.39,286.79 1 1
github.com/yourusername/keyline/internal/auth/ldap.go:286.79,288.4 1 1
github.com/yourusername/keyline/internal/auth/ldap.go:291.2,291.15 1 1
github.com/yourusername/keyline/internal/auth/ldap.go:295.57,300.21 2 1
github.com/yourusername/keyline/internal/auth/ldap.go:301.15,303.17 2 1
github.com/yourusername/keyline/internal/auth/ldap.go:303.17,305.4 1 1
github.com/yourusername/keyline/internal/auth/ldap.go:306.3,306.19 1 0
github.com/yourusername/keyline/internal/auth/ldap.go:308.18,310.17 2 1
github.com/yourusername/keyline/internal/auth/ldap.go:310.17,312.4 1 1
github.com/yourusername/keyline/internal/auth/ldap.go:313.3,313.47 1 0
github.com/yourusername/keyline/internal/auth/ldap.go:313.47,316.4 2 0
github.com/yourusername/keyline/internal/auth/ldap.go:317.3,317.19 1 0
github.com/yourusername/keyline/internal/auth/ldap.go:319.10,321.17 2 1
github.com/yourusername/keyline/internal/auth/ldap.go:321.17,323.4 1 1
github.com/yourusername/keyline/internal/auth/ldap.go:324.3,324.19 1 0
github.com/yourusername/keyline/internal/auth/ldap.go:329.60,331.31 2 1
github.com/yourusername/keyline/internal/auth/ldap.go:331.31,333.3 1 1
github.com/yourusername/keyline/internal/auth/ldap.go:334.2,334.42 1 1
github.com/yourusername/keyline/internal/auth/ldap.go:334.42,335.38 1 1
github.com/yourusername/keyline/internal/auth/ldap.go:335.38,337.4 1 1
github.com/yourusername/keyline/internal/auth/ldap.go:339.2,339.14 1 1
github.com/yourusername/keyline/internal/auth/ldap.go:349.41,354.22 5 1
github.com/yourusername/keyline/internal/auth/ldap.go:354.22,355.91 1 1
github.com/yourusername/keyline/internal/auth/ldap.go:355.91,358.12 3 1
github.com/yourusername/keyline/internal/auth/ldap.go:360.3,360.22 1 1
github.com/yourusername/keyline/internal/auth/ldap.go:360.22,363.4 2 1
github.com/yourusername/keyline/internal/auth/ldap.go:365.2,367.10 3 1
github.com/yourusername/keyline/internal/auth/oidc.go:34.96,35.18 1 1
github.com/yourusername/keyline/internal/auth/oidc.go:35.18,37.3 1 1
github.com/yourusername/keyline/internal/auth/oidc.go:41.2,56.64 3 0
github.com/yourusername/keyline/internal/auth/oidc.go:56.64,58.3 1 0
github.com/yourusername/keyline/internal/auth/oidc.go:61.2,61.65 1 0
github.com/yourusername/keyline/internal/auth/oidc.go:61.65,63.3 1 0
github.com/yourusername/keyline/internal/auth/oidc.go:66.2,68.22 2 0
github.com/yourusername/keyline/internal/auth/oidc.go:72.60,74.49 1 1
github.com/yourusername/keyline/internal/auth/oidc.go:74.49,76.3 1 1
github.com/yourusername/keyline/internal/auth/oidc.go:78.2,87.44 4 1
github.com/yourusername/keyline/internal/auth/oidc.go:87.44,89.17 2 1
github.com/yourusername/keyline/internal/auth/oidc.go:89.17,91.40 1 1
github.com/yourusername/keyline/internal/auth/oidc.go:91.40,93.5 1 1
github.com/yourusername/keyline/internal/auth/oidc.go:96.4,104.14 3 0
github.com/yourusername/keyline/internal/auth/oidc.go:107.3,109.18 2 1
github.com/yourusername/keyline/internal/auth/oidc.go:109.18,118.4 3 1
github.com/yourusername/keyline/internal/auth/oidc.go:121.2,121.74 1 1
github.com/yourusername/keyline/internal/auth/oidc.go:125.114,132.16 5 1
github.com/yourusername/keyline/internal/auth/oidc.go:132.16,134.3 1 0
github.com/yourusername/keyline/internal/auth/oidc.go:136.2,137.16 2 1
github.com/yourusername/keyline/internal/auth/oidc.go:137.16,139.3 1 0
github.com/yourusername/keyline/internal/auth/oidc.go:140.2,142.38 2 1
github.com/yourusername/keyline/internal/auth/oidc.go:142.38,144.3 1 0
github.com/yourusername/keyline/internal/auth/oidc.go:146.2,147.16 2 1
github.com/yourusername/keyline/internal/auth/oidc.go:147.16,149.3 1 0
github.com/yourusername/keyline/internal/auth/oidc.go:151.2,152.51 2 1
github.com/yourusername/keyline/internal/auth/oidc.go:152.51,154.3 1 0
github.com/yourusername/keyline/internal/auth/oidc.go:157.2,157.22 1 1
github.com/yourusername/keyline/internal/auth/oidc.go:157.22,159.3 1 1
github.com/yourusername/keyline/internal/auth/oidc.go:160.2,160.37 1 1
github.com/yourusername/keyline/internal/auth/oidc.go:160.37,162.3 1 1
github.com/yourusername/keyline/internal/auth/oidc.go:163.2,163.29 1 1
github.com/yourusername/keyline/internal/auth/oidc.go:163.29,165.3 1 1
github.com/yourusername/keyline/internal/auth/oidc.go:166.2,166.23 1 1
github.com/yourusername/keyline/internal/auth/oidc.go:166.23,168.3 1 1
github.com/yourusername/keyline/internal/auth/oidc.go:171.2,171.48 1 1
github.com/yourusername/keyline/internal/auth/oidc.go:171.48,173.3 1 1
github.com/yourusername/keyline/internal/auth/oidc.go:174.2,174.42 1 1
github.com/yourusername/keyline/internal/auth/oidc.go:174.42,176.3 1 1
github.com/yourusername/keyline/internal/auth/oidc.go:177.2,177.81 1 1
github.com/yourusername/keyline/internal/auth/oidc.go:177.81,179.3 1 1
github.com/yourusername/keyline/internal/auth/oidc.go:181.2,181.18 1 1
github.com/yourusername/keyline/internal/auth/oidc.go:185.67,187.2 1 0
github.com/yourusername/keyline/internal/auth/oidc.go:190.61,192.16 2 1
github.com/yourusername/keyline/internal/auth/oidc.go:192.16,194.3 1 1
github.com/yourusername/keyline/internal/auth/oidc.go:196.2,203.44 3 0
github.com/yourusername/keyline/internal/auth/oidc.go:203.44,205.17 2 0
github.com/yourusername/keyline/internal/auth/oidc.go:205.17,214.4 3 0
github.com/yourusername/keyline/internal/auth/oidc.go:216.3,218.18 2 0
github.com/yourusername/keyline/internal/auth/oidc.go:218.18,227.4 3 0
github.com/yourusername/keyline/internal/auth/oidc.go:230.2,230.70 1 0
github.com/yourusername/keyline/internal/auth/oidc.go:234.103,241.16 5 0
github.com/yourusername/keyline/internal/auth/oidc.go:241.16,243.3 1 0
github.com/yourusername/keyline/internal/auth/oidc.go:245.2,246.16 2 0
github.com/yourusername/keyline/internal/auth/oidc.go:246.16,248.3 1 0
github.com/yourusername/keyline/internal/auth/oidc.go:249.2,251.38 2 0
github.com/yourusername/keyline/internal/auth/oidc.go:251.38,253.3 1 0
github.com/yourusername/keyline/internal/auth/oidc.go:255.2,256.16 2 0
github.com/yourusername/keyline/internal/auth/oidc.go:256.16,258.3 1 0
github.com/yourusername/keyline/internal/auth/oidc.go:260.2,261.16 2 0
github.com/yourusername/keyline/internal/auth/oidc.go:261.16,263.3 1 0
github.com/yourusername/keyline/internal/auth/oidc.go:265.2,265.18 1 0
github.com/yourusername/keyline/internal/auth/oidc.go:269.43,273.21 3 0
github.com/yourusername/keyline/internal/auth/oidc.go:273.21,278.42 3 0
github.com/yourusername/keyline/internal/auth/oidc.go:278.42,283.4 1 0
github.com/yourusername/keyline/internal/auth/oidc.go:283.9,285.4 1 0
github.com/yourusername/keyline/internal/auth/oidc.go:290.62,292.2 1 0
github.com/yourusername/keyline/internal/auth/oidc.go:295.126,298.16 2 0
github.com/yourusername/keyline/internal/auth/oidc.go:298.16,300.3 1 0
github.com/yourusername/keyline/internal/auth/oidc.go:303.2,304.16 2 0
github.com/yourusername/keyline/internal/auth/oidc.go:304.16,306.3 1 0
github.com/yourusername/keyline/internal/auth/oidc.go:309.2,318.67 2 0
github.com/yourusername/keyline/internal/auth/oidc.go:318.67,320.3 1 0
github.com/yourusername/keyline/internal/auth/oidc.go:323.2,324.16 2 0
github.com/yourusername/keyline/internal/auth/oidc.go:324.16,326.3 1 0
github.com/yourusername/keyline/internal/auth/oidc.go:328.2,333.21 2 0
github.com/yourusername/keyline/internal/auth/oidc.go:337.91,339.16 2 1
github.com/yourusername/keyline/internal/auth/oidc.go:339.16,341.3 1 1
github.com/yourusername/keyline/internal/auth/oidc.go:344.2,354.21 10 1
github.com/yourusername/keyline/internal/auth/oidc.go:358.41,359.22 1 1
github.com/yourusername/keyline/internal/auth/oidc.go:359.22,361.3 1 1
github.com/yourusername/keyline/internal/auth/oidc.go:362.2,362.33 1 1
github.com/yourusername/keyline/internal/auth/oidc.go:366.52,367.20 1 1
github.com/yourusername/keyline/internal/auth/oidc.go:367.20,369.3 1 0
github.com/yourusername/keyline/internal/auth/oidc.go:370.2,371.33 2 1
github.com/yourusername/keyline/internal/auth/oidc.go:371.33,373.3 1 1
github.com/yourusername/keyline/internal/auth/oidc.go:374.2,374.15 1 1
github.com/yourusername/keyline/internal/auth/oidc.go:386.165,394.22 2 1
github.com/yourusername/keyline/internal/auth/oidc.go:394.22,400.3 2 1
github.com/yourusername/keyline/internal/auth/oidc.go:403.2,403.22 1 1
github.com/yourusername/keyline/internal/auth/oidc.go:403.22,406.3 2 1
github.com/yourusername/keyline/internal/auth/oidc.go:409.2,410.16 2 0
github.com/yourusername/keyline/internal/auth/oidc.go:410.16,415.3 2 0
github.com/yourusername/keyline/internal/auth/oidc.go:417.2,417.18 1 0
github.com/yourusername/keyline/internal/auth/oidc.go:417.18,422.3 2 0
github.com/yourusername/keyline/internal/auth/oidc.go:425.2,428.16 2 0
github.com/yourusername/keyline/internal/auth/oidc.go:428.16,431.3 2 0
github.com/yourusername/keyline/internal/auth/oidc.go:433.2,438.20 2 0
github.com/yourusername/keyline/internal/auth/oidc.go:451.110,458.16 5 0
github.com/yourusername/keyline/internal/auth/oidc.go:458.16,460.3 1 0
github.com/yourusername/keyline/internal/auth/oidc.go:462.2,478.16 12 0
github.com/yourusername/keyline/internal/auth/oidc.go:478.16,480.3 1 0
github.com/yourusername/keyline/internal/auth/oidc.go:482.2,487.16 4 0
github.com/yourusername/keyline/internal/auth/oidc.go:487.16,492.3 2 0
github.com/yourusername/keyline/internal/auth/oidc.go:493.2,497.16 3 0
github.com/yourusername/keyline/internal/auth/oidc.go:497.16,499.3 1 0
github.com/yourusername/keyline/internal/auth/oidc.go:502.2,502.38 1 0
github.com/yourusername/keyline/internal/auth/oidc.go:502.38,508.3 2 0
github.com/yourusername/keyline/internal/auth/oidc.go:511.2,512.57 2 0
github.com/yourusername/keyline/internal/auth/oidc.go:512.57,514.3 1 0
github.com/yourusername/keyline/internal/auth/oidc.go:516.2,518.24 2 0
github.com/yourusername/keyline/internal/auth/oidc.go:534.101,539.16 3 0
github.com/yourusername/keyline/internal/auth/oidc.go:539.16,541.3 1 0
github.com/yourusername/keyline/internal/auth/oidc.go:544.2,545.27 2 0
github.com/yourusername/keyline/internal/auth/oidc.go:545.27,547.3 1 0
github.com/yourusername/keyline/internal/auth/oidc.go:550.2,553.32 3 0
github.com/yourusername/keyline/internal/auth/oidc.go:553.32,555.17 2 0
github.com/yourusername/keyline/internal/auth/oidc.go:555.17,557.12 2 0
github.com/yourusername/keyline/internal/auth/oidc.go:561.3,561.57 1 0
github.com/yourusername/keyline/internal/auth/oidc.go:561.57,563.4 1 0
github.com/yourusername/keyline/internal/auth/oidc.go:565.3,566.8 2 0
github.com/yourusername/keyline/internal/auth/oidc.go:569.2,569.22 1 0
github.com/yourusername/keyline/internal/auth/oidc.go:569.22,574.3 2 0
github.com/yourusername/keyline/internal/auth/oidc.go:577.2,582.43 2 0
github.com/yourusername/keyline/internal/auth/oidc.go:582.43,584.3 1 0
github.com/yourusername/keyline/internal/auth/oidc.go:587.2,587.43 1 0
github.com/yourusername/keyline/internal/auth/oidc.go:587.43,589.3 1 0
github.com/yourusername/keyline/internal/auth/oidc.go:592.2,595.44 2 0
github.com/yourusername/keyline/internal/auth/oidc.go:595.44,597.3 1 0
github.com/yourusername/keyline/internal/auth/oidc.go:600.2,600.44 1 0
github.com/yourusername/keyline/internal/auth/oidc.go:600.44,602.3 1 0
github.com/yourusername/keyline/internal/auth/oidc.go:605.2,605.47 1 0
github.com/yourusername/keyline/internal/auth/oidc.go:605.47,607.3 1 0
github.com/yourusername/keyline/internal/auth/oidc.go:610.2,610.45 1 0
github.com/yourusername/keyline/internal/auth/oidc.go:610.45,612.3 1 0
github.com/yourusername/keyline/internal/auth/oidc.go:615.2,615.43 1 0
github.com/yourusername/keyline/internal/auth/oidc.go:615.43,621.3 2 0
github.com/yourusername/keyline/internal/auth/oidc.go:624.2,624.44 1 0
github.com/yourusername/keyline/internal/auth/oidc.go:624.44,629.3 2 0
github.com/yourusername/keyline/internal/auth/oidc.go:632.2,633.31 2 0
github.com/yourusername/keyline/internal/auth/oidc.go:633.31,639.3 2 0
github.com/yourusername/keyline/internal/auth/oidc.go:641.2,646.22 2 0
github.com/yourusername/keyline/internal/auth/oidc.go:650.63,651.25 1 1
github.com/yourusername/keyline/internal/auth/oidc.go:652.14,653.32 1 1
github.com/yourusername/keyline/internal/auth/oidc.go:654.21,655.23 1 1
github.com/yourusername/keyline/internal/auth/oidc.go:655.23,656.61 1 1
github.com/yourusername/keyline/internal/auth/oidc.go:656.61,658.5 1 1
github.com/yourusername/keyline/internal/auth/oidc.go:660.16,661.23 1 1
github.com/yourusername/keyline/internal/auth/oidc.go:661.23,662.30 1 1
github.com/yourusername/keyline/internal/auth/oidc.go:662.30,664.5 1 1
github.com/yourusername/keyline/internal/auth/oidc.go:667.2,667.14 1 1
github.com/yourusername/keyline/internal/auth/oidc.go:676.78,681.9 3 1
github.com/yourusername/keyline/internal/auth/oidc.go:681.9,683.3 1 1
github.com/yourusername/keyline/internal/auth/oidc.go:686.2,686.33 1 1
github.com/yourusername/keyline/internal/auth/oidc.go:687.21,689.23 1 1
github.com/yourusername/keyline/internal/auth/oidc.go:689.23,690.33 1 1
github.com/yourusername/keyline/internal/auth/oidc.go:690.33,692.5 1 1
github.com/yourusername/keyline/internal/auth/oidc.go:694.16,696.13 1 1
github.com/yourusername/keyline/internal/auth/oidc.go:697.14,699.23 1 1
github.com/yourusername/keyline/internal/auth/oidc.go:702.2,702.15 1 1
github.com/yourusername/keyline/internal/auth/oidc.go:706.190,709.16 2 0
github.com/yourusername/keyline/internal/auth/oidc.go:709.16,711.3 1 0
github.com/yourusername/keyline/internal/auth/oidc.go:714.2,736.66 4 0
github.com/yourusername/keyline/internal/auth/oidc.go:736.66,738.3 1 0
github.com/yourusername/keyline/internal/auth/oidc.go:742.2,743.22 2 0
github.com/yourusername/keyline/internal/auth/oidc.go:743.22,745.3 1 0
github.com/yourusername/keyline/internal/auth/oidc.go:747.2,748.22 2 0
github.com/yourusername/keyline/internal/auth/oidc.go:748.22,750.3 1 0
github.com/yourusername/keyline/internal/auth/oidc.go:753.2,773.26 4 0
github.com/yourusername/keyline/internal/auth/oidc.go:783.221,786.16 2 0
github.com/yourusername/keyline/internal/auth/oidc.go:786.16,788.3 1 0
github.com/yourusername/keyline/internal/auth/oidc.go:791.2,792.16 2 0
github.com/yourusername/keyline/internal/auth/oidc.go:792.16,794.3 1 0
github.com/yourusername/keyline/internal/auth/oidc.go:797.2,798.16 2 0
github.com/yourusername/keyline/internal/auth/oidc.go:798.16,800.3 1 0
github.com/yourusername/keyline/internal/auth/oidc.go:803.2,804.16 2 0
github.com/yourusername/keyline/internal/auth/oidc.go:804.16,806.3 1 0
github.com/yourusername/keyline/internal/auth/oidc.go:809.2,817.33 3 0
github.com/yourusername/keyline/internal/auth/oidc.go:822.49,824.16 2 1
github.com/yourusername/keyline/internal/auth/oidc.go:824.16,826.3 1 0
github.com/yourusername/keyline/internal/auth/oidc.go:829.2,829.33 1 1
github.com/yourusername/keyline/internal/auth/oidc.go:829.33,831.3 1 1
github.com/yourusername/keyline/internal/auth/oidc.go:834.2,834.32 1 1
github.com/yourusername/keyline/internal/auth/oidc.go:834.32,837.3 2 1
github.com/yourusername/keyline/internal/auth/oidc.go:839.2,839.14 1 1
github.com/yourusername/keyline/internal/elasticsearch/circuit_breaker.go:42.42,50.2 1 1
github.com/yourusername/keyline/internal/elasticsearch/circuit_breaker.go:53.91,54.40 1 1
github.com/yourusername/keyline/internal/elasticsearch/circuit_breaker.go:54.40,56.3 1 1
github.com/yourusername/keyline/internal/elasticsearch/circuit_breaker.go:58.2,62.12 3 1
github.com/yourusername/keyline/internal/elasticsearch/circuit_breaker.go:66.46,70.18 3 1
github.com/yourusername/keyline/internal/elasticsearch/circuit_breaker.go:71.19,73.52 1 1
github.com/yourusername/keyline/internal/elasticsearch/circuit_breaker.go:73.52,75.4 1 1
github.com/yourusername/keyline/internal/elasticsearch/circuit_breaker.go:76.3,76.13 1 1
github.com/yourusername/keyline/internal/elasticsearch/circuit_breaker.go:78.17,80.48 1 1
github.com/yourusername/keyline/internal/elasticsearch/circuit_breaker.go:80.48,85.4 4 1
github.com/yourusername/keyline/internal/elasticsearch/circuit_breaker.go:86.3,89.4 1 1
github.com/yourusername/keyline/internal/elasticsearch/circuit_breaker.go:91.21,92.13 1 0
github.com/yourusername/keyline/internal/elasticsearch/circuit_breaker.go:94.10,95.13 1 0
github.com/yourusername/keyline/internal/elasticsearch/circuit_breaker.go:100.48,104.16 3 1
github.com/yourusername/keyline/internal/elasticsearch/circuit_breaker.go:104.16,106.3 1 1
github.com/yourusername/keyline/internal/elasticsearch/circuit_breaker.go:106.8,108.3 1 1
github.com/yourusername/keyline/internal/elasticsearch/circuit_breaker.go:112.39,113.18 1 1
github.com/yourusername/keyline/internal/elasticsearch/circuit_breaker.go:114.19,115.22 1 0
github.com/yourusername/keyline/internal/elasticsearch/circuit_breaker.go:117.21,119.40 2 1
github.com/yourusername/keyline/internal/elasticsearch/circuit_breaker.go:119.40,124.4 4 1
github.com/yourusername/keyline/internal/elasticsearch/circuit_breaker.go:129.39,132.18 2 1
github.com/yourusername/keyline/internal/elasticsearch/circuit_breaker.go:133.19,135.40 2 1
github.com/yourusername/keyline/internal/elasticsearch/circuit_breaker.go:135.40,138.4 2 1
github.com/yourusername/keyline/internal/elasticsearch/circuit_breaker.go:140.21,143.32 3 1
github.com/yourusername/keyline/internal/elasticsearch/circuit_breaker.go:148.48,152.2 3 1
github.com/yourusername/keyline/internal/elasticsearch/circuit_breaker.go:155.35,163.2 6 1
github.com/yourusername/keyline/internal/elasticsearch/circuit_breaker.go:171.46,173.2 1 0
github.com/yourusername/keyline/internal/elasticsearch/circuit_breaker.go:182.47,187.2 1 1
github.com/yourusername/keyline/internal/elasticsearch/circuit_breaker.go:190.100,191.61 1 1
github.com/yourusername/keyline/internal/elasticsearch/circuit_breaker.go:191.61,193.3 1 1
github.com/yourusername/keyline/internal/elasticsearch/circuit_breaker.go:197.97,199.61 2 0
github.com/yourusername/keyline/internal/elasticsearch/circuit_breaker.go:199.61,203.3 3 0
github.com/yourusername/keyline/internal/elasticsearch/circuit_breaker.go:204.2,204.18 1 0
github.com/yourusername/keyline/internal/elasticsearch/circuit_breaker.go:208.91,210.61 2 0
github.com/yourusername/keyline/internal/elasticsearch/circuit_breaker.go:210.61,213.3 1 0
github.com/yourusername/keyline/internal/elasticsearch/circuit_breaker.go:217.82,218.61 1 0
github.com/yourusername/keyline/internal/elasticsearch/circuit_breaker.go:218.61,220.3 1 0
github.com/yourusername/keyline/internal/elasticsearch/client.go:72.47,73.22 1 1
github.com/yourusername/keyline/internal/elasticsearch/client.go:73.22,75.3 1 1
github.com/yourusername/keyline/internal/elasticsearch/client.go:76.2,76.28 1 1
github.com/yourusername/keyline/internal/elasticsearch/client.go:76.28,78.3 1 1
github.com/yourusername/keyline/internal/elasticsearch/client.go:79.2,79.32 1 1
github.com/yourusername/keyline/internal/elasticsearch/client.go:79.32,81.3 1 1
github.com/yourusername/keyline/internal/elasticsearch/client.go:83.2,83.25 1 1
github.com/yourusername/keyline/internal/elasticsearch/client.go:83.25,85.3 1 1
github.com/yourusername/keyline/internal/elasticsearch/client.go:88.2,112.8 5 1
github.com/yourusername/keyline/internal/elasticsearch/client.go:116.82,132.24 5 1
github.com/yourusername/keyline/internal/elasticsearch/client.go:132.24,134.3 1 1
github.com/yourusername/keyline/internal/elasticsearch/client.go:135.2,135.21 1 1
github.com/yourusername/keyline/internal/elasticsearch/client.go:135.21,137.3 1 1
github.com/yourusername/keyline/internal/elasticsearch/client.go:138.2,138.27 1 1
github.com/yourusername/keyline/internal/elasticsearch/client.go:138.27,140.3 1 1
github.com/yourusername/keyline/internal/elasticsearch/client.go:142.2,143.16 2 1
github.com/yourusername/keyline/internal/elasticsearch/client.go:143.16,147.3 3 0
github.com/yourusername/keyline/internal/elasticsearch/client.go:150.2,153.44 3 1
github.com/yourusername/keyline/internal/elasticsearch/client.go:153.44,154.18 1 1
github.com/yourusername/keyline/internal/elasticsearch/client.go:154.18,162.4 3 1
github.com/yourusername/keyline/internal/elasticsearch/client.go:164.3,165.17 2 1
github.com/yourusername/keyline/internal/elasticsearch/client.go:165.17,173.4 2 1
github.com/yourusername/keyline/internal/elasticsearch/client.go:175.3,178.23 2 1
github.com/yourusername/keyline/internal/elasticsearch/client.go:178.23,182.4 3 1
github.com/yourusername/keyline/internal/elasticsearch/client.go:185.2,187.81 3 1
github.com/yourusername/keyline/internal/elasticsearch/client.go:191.101,195.16 3 1
github.com/yourusername/keyline/internal/elasticsearch/client.go:195.16,197.3 1 0
github.com/yourusername/keyline/internal/elasticsearch/client.go:199.2,203.16 4 1
github.com/yourusername/keyline/internal/elasticsearch/client.go:203.16,205.3 1 1
github.com/yourusername/keyline/internal/elasticsearch/client.go:206.2,211.25 3 1
github.com/yourusername/keyline/internal/elasticsearch/client.go:212.41,213.13 1 1
github.com/yourusername/keyline/internal/elasticsearch/client.go:214.31,215.87 1 1
github.com/yourusername/keyline/internal/elasticsearch/client.go:216.28,217.86 1 1
github.com/yourusername/keyline/internal/elasticsearch/client.go:218.34,219.79 1 1
github.com/yourusername/keyline/internal/elasticsearch/client.go:220.10,221.29 1 1
github.com/yourusername/keyline/internal/elasticsearch/client.go:221.29,223.4 1 1
github.com/yourusername/keyline/internal/elasticsearch/client.go:224.3,224.88 1 0
github.com/yourusername/keyline/internal/elasticsearch/client.go:229.79,238.16 6 1
github.com/yourusername/keyline/internal/elasticsearch/client.go:238.16,241.3 2 0
github.com/yourusername/keyline/internal/elasticsearch/client.go:243.2,246.16 3 1
github.com/yourusername/keyline/internal/elasticsearch/client.go:246.16,249.3 2 0
github.com/yourusername/keyline/internal/elasticsearch/client.go:250.2,252.44 2 1
github.com/yourusername/keyline/internal/elasticsearch/client.go:252.44,254.3 1 1
github.com/yourusername/keyline/internal/elasticsearch/client.go:256.2,256.38 1 1
github.com/yourusername/keyline/internal/elasticsearch/client.go:256.38,261.3 4 0
github.com/yourusername/keyline/internal/elasticsearch/client.go:263.2,272.67 2 1
github.com/yourusername/keyline/internal/elasticsearch/client.go:272.67,275.3 2 0
github.com/yourusername/keyline/internal/elasticsearch/client.go:278.2,278.34 1 1
github.com/yourusername/keyline/internal/elasticsearch/client.go:278.34,287.3 1 1
github.com/yourusername/keyline/internal/elasticsearch/client.go:289.2,289.54 1 0
github.com/yourusername/keyline/internal/elasticsearch/client.go:293.73,302.16 6 1
github.com/yourusername/keyline/internal/elasticsearch/client.go:302.16,305.3 2 0
github.com/yourusername/keyline/internal/elasticsearch/client.go:307.2,310.16 3 1
github.com/yourusername/keyline/internal/elasticsearch/client.go:310.16,313.3 2 0
github.com/yourusername/keyline/internal/elasticsearch/client.go:314.2,316.80 2 1
github.com/yourusername/keyline/internal/elasticsearch/client.go:316.80,319.3 2 1
github.com/yourusername/keyline/internal/elasticsearch/client.go:321.2,324.12 4 0
github.com/yourusername/keyline/internal/elasticsearch/client.go:328.64,335.16 5 1
github.com/yourusername/keyline/internal/elasticsearch/client.go:335.16,338.3 2 0
github.com/yourusername/keyline/internal/elasticsearch/client.go:340.2,343.16 3 1
github.com/yourusername/keyline/internal/elasticsearch/client.go:343.16,346.3 2 0
github.com/yourusername/keyline/internal/elasticsearch/client.go:347.2,349.91 2 1
github.com/yourusername/keyline/internal/elasticsearch/client.go:349.91,354.3 1 1
github.com/yourusername/keyline/internal/elasticsearch/client.go:356.2,356.38 1 1
github.com/yourusername/keyline/internal/elasticsearch/client.go:356.38,361.3 4 0
github.com/yourusername/keyline/internal/elasticsearch/client.go:363.2,364.12 2 1
github.com/yourusername/keyline/internal/elasticsearch/client.go:375.36,377.2 1 0
github.com/yourusername/keyline/internal/elasticsearch/client.go:385.41,387.2 1 1
github.com/yourusername/keyline/internal/elasticsearch/client.go:395.38,397.2 1 1
github.com/yourusername/keyline/internal/elasticsearch/client.go:400.34,403.2 2 1
